info|Oct 24 2012 20:47:43| Start logging [/home/mutant/projects/tanks2d2/main.cpp:71]
info|Oct 24 2012 20:47:43| View thread started [/home/mutant/projects/tanks2d2/main.cpp:74]
info|Oct 24 2012 20:47:43| GLUT initialisied [/home/mutant/projects/tanks2d2/main.cpp:28]
info|Oct 24 2012 20:47:43| View initialisation [/home/mutant/projects/tanks2d2/src/View.cpp:19]
info|Oct 24 2012 20:47:43| Going to start glutMainLoop [/home/mutant/projects/tanks2d2/main.cpp:31]
info|Oct 24 2012 20:47:43| Playground thread started [/home/mutant/projects/tanks2d2/main.cpp:78]
info|Oct 24 2012 20:47:43| Playground initialisation [/home/mutant/projects/tanks2d2/src/Playground.cpp:18]
info|Oct 24 2012 20:47:43| Stop logging [/home/mutant/projects/tanks2d2/src/Log.cpp:33]
info|Oct 24 2012 20:47:43| ------------ [/home/mutant/projects/tanks2d2/src/Log.cpp:34]
info|Oct 24 2012 20:47:43| Start logging [/home/mutant/projects/tanks2d2/main.cpp:73]
info|Oct 24 2012 20:47:43| View thread started [/home/mutant/projects/tanks2d2/main.cpp:76]
info|Oct 24 2012 20:47:43| GLUT initialisied [/home/mutant/projects/tanks2d2/main.cpp:28]
info|Oct 24 2012 20:47:43| View initialisation [/home/mutant/projects/tanks2d2/src/View.cpp:19]
info|Oct 24 2012 20:47:43| Going to start glutMainLoop [/home/mutant/projects/tanks2d2/main.cpp:31]
info|Oct 24 2012 20:47:43| Playground thread started [/home/mutant/projects/tanks2d2/main.cpp:80]
info|Oct 24 2012 20:47:43| Playground initialisation [/home/mutant/projects/tanks2d2/src/Playground.cpp:18]
info|Oct 24 2012 20:47:43| Stop logging [/home/mutant/projects/tanks2d2/src/Log.cpp:33]
info|Oct 24 2012 20:47:43| ------------ [/home/mutant/projects/tanks2d2/src/Log.cpp:34]
info|Oct 24 2012 20:47:43| Start logging [/home/mutant/projects/tanks2d2/main.cpp:73]
info|Oct 24 2012 20:47:43| View thread started [/home/mutant/projects/tanks2d2/main.cpp:76]
info|Oct 24 2012 20:47:43| GLUT initialisied [/home/mutant/projects/tanks2d2/main.cpp:28]
info|Oct 24 2012 20:47:43| View initialisation [/home/mutant/projects/tanks2d2/src/View.cpp:19]
info|Oct 24 2012 20:47:43| Going to start glutMainLoop [/home/mutant/projects/tanks2d2/main.cpp:31]
info|Oct 24 2012 20:47:43| Playground thread started [/home/mutant/projects/tanks2d2/main.cpp:80]
info|Oct 24 2012 20:47:43| Playground initialisation [/home/mutant/projects/tanks2d2/src/Playground.cpp:18]
info|Oct 24 2012 20:47:43| Stop logging [/home/mutant/projects/tanks2d2/src/Log.cpp:33]
info|Oct 24 2012 20:47:43| ------------ [/home/mutant/projects/tanks2d2/src/Log.cpp:34]
info|Oct 24 2012 20:47:43| Start logging [/home/mutant/projects/tanks2d2/main.cpp:77]
info|Oct 24 2012 20:47:43| View thread started [/home/mutant/projects/tanks2d2/main.cpp:80]
info|Oct 24 2012 20:47:43| GLUT initialisied [/home/mutant/projects/tanks2d2/main.cpp:29]
info|Oct 24 2012 20:47:43| View initialisation [/home/mutant/projects/tanks2d2/src/View.cpp:19]
info|Oct 24 2012 20:47:43| Going to start glutMainLoop [/home/mutant/projects/tanks2d2/main.cpp:32]
info|Oct 24 2012 20:47:43| Playground thread started [/home/mutant/projects/tanks2d2/main.cpp:84]
info|Oct 24 2012 20:47:43| Playground initialisation [/home/mutant/projects/tanks2d2/src/Playground.cpp:18]
info|Oct 24 2012 20:47:43| Stop logging [/home/mutant/projects/tanks2d2/src/Log.cpp:33]
info|Oct 24 2012 20:47:43| ------------ [/home/mutant/projects/tanks2d2/src/Log.cpp:34]
info|Oct 24 2012 20:47:43| Start logging [/home/mutant/projects/tanks2d2/main.cpp:76]
info|Oct 24 2012 20:47:43| View thread started [/home/mutant/projects/tanks2d2/main.cpp:79]
info|Oct 24 2012 20:47:43| GLUT initialisied [/home/mutant/projects/tanks2d2/main.cpp:29]
info|Oct 24 2012 20:47:43| View initialisation [/home/mutant/projects/tanks2d2/src/View.cpp:19]
info|Oct 24 2012 20:47:43| Going to start glutMainLoop [/home/mutant/projects/tanks2d2/main.cpp:32]
info|Oct 24 2012 20:47:43| Playground thread started [/home/mutant/projects/tanks2d2/main.cpp:83]
error|Oct 24 2012 20:47:43| Can not open configuration file [/home/mutant/projects/tanks2d2/src/Config.cpp:15]
error|Oct 24 2012 20:47:43| Can not open configuration file [/home/mutant/projects/tanks2d2/src/Config.cpp:15]
info|Oct 24 2012 20:47:43| Initalise Entity factory [/home/mutant/projects/tanks2d2/main.cpp:87]
info|Oct 24 2012 20:47:43| Playground initialisation [/home/mutant/projects/tanks2d2/src/Playground.cpp:18]
info|Oct 24 2012 20:47:43| Stop logging [/home/mutant/projects/tanks2d2/src/Log.cpp:33]
info|Oct 24 2012 20:47:43| ------------ [/home/mutant/projects/tanks2d2/src/Log.cpp:34]
info|Oct 24 2012 20:47:43| Start logging [/home/mutant/projects/tanks2d2/main.cpp:76]
info|Oct 24 2012 20:47:43| View thread started [/home/mutant/projects/tanks2d2/main.cpp:79]
info|Oct 24 2012 20:47:43| Playground thread started [/home/mutant/projects/tanks2d2/main.cpp:83]
error|Oct 24 2012 20:47:43| Can not open configuration file [/home/mutant/projects/tanks2d2/src/Config.cpp:15]
error|Oct 24 2012 20:47:43| Can not open configuration file [/home/mutant/projects/tanks2d2/src/Config.cpp:15]
info|Oct 24 2012 20:47:43| Initalise Entity factory [/home/mutant/projects/tanks2d2/main.cpp:87]
info|Oct 24 2012 20:47:43| Playground initialisation [/home/mutant/projects/tanks2d2/src/Playground.cpp:18]
info|Oct 24 2012 20:47:43| View initialisation [/home/mutant/projects/tanks2d2/src/View.cpp:19]
info|Oct 24 2012 20:47:43| Stop logging [/home/mutant/projects/tanks2d2/src/Log.cpp:33]
info|Oct 24 2012 20:47:43| ------------ [/home/mutant/projects/tanks2d2/src/Log.cpp:34]
info|Oct 24 2012 20:47:43| Start logging [/home/mutant/projects/tanks2d2/main.cpp:76]
info|Oct 24 2012 20:47:43| View thread started [/home/mutant/projects/tanks2d2/main.cpp:79]
info|Oct 24 2012 20:47:43| Playground thread started [/home/mutant/projects/tanks2d2/main.cpp:83]
error|Oct 24 2012 20:47:43| Can not open configuration file [/home/mutant/projects/tanks2d2/src/Config.cpp:15]
error|Oct 24 2012 20:47:43| Can not open configuration file [/home/mutant/projects/tanks2d2/src/Config.cpp:15]
info|Oct 24 2012 20:47:43| Initalise Entity factory [/home/mutant/projects/tanks2d2/main.cpp:87]
info|Oct 24 2012 20:47:43| Playground initialisation [/home/mutant/projects/tanks2d2/src/Playground.cpp:18]
info|Oct 24 2012 20:47:43| View initialisation [/home/mutant/projects/tanks2d2/src/View.cpp:19]
info|Oct 24 2012 20:47:43| Stop logging [/home/mutant/projects/tanks2d2/src/Log.cpp:33]
info|Oct 24 2012 20:47:43| ------------ [/home/mutant/projects/tanks2d2/src/Log.cpp:34]
info|Oct 24 2012 20:47:43| Start logging [/home/mutant/projects/tanks2d2/main.cpp:76]
info|Oct 24 2012 20:47:43| View thread started [/home/mutant/projects/tanks2d2/main.cpp:79]
info|Oct 24 2012 20:47:43| GLUT initialisied [/home/mutant/projects/tanks2d2/main.cpp:29]
info|Oct 24 2012 20:47:43| View initialisation [/home/mutant/projects/tanks2d2/src/View.cpp:19]
info|Oct 24 2012 20:47:43| Playground thread started [/home/mutant/projects/tanks2d2/main.cpp:83]
error|Oct 24 2012 20:47:43| Can not open configuration file [/home/mutant/projects/tanks2d2/src/Config.cpp:15]
error|Oct 24 2012 20:47:43| Can not open configuration file [/home/mutant/projects/tanks2d2/src/Config.cpp:15]
info|Oct 24 2012 20:47:43| Initalise Entity factory [/home/mutant/projects/tanks2d2/main.cpp:87]
info|Oct 24 2012 20:47:43| Playground initialisation [/home/mutant/projects/tanks2d2/src/Playground.cpp:18]
info|Oct 24 2012 20:47:43| Going to start glutMainLoop [/home/mutant/projects/tanks2d2/main.cpp:32]
info|Oct 24 2012 20:47:43| Stop logging [/home/mutant/projects/tanks2d2/src/Log.cpp:33]
info|Oct 24 2012 20:47:43| ------------ [/home/mutant/projects/tanks2d2/src/Log.cpp:34]
info|Oct 24 2012 20:47:43| Start logging [/home/mutant/projects/tanks2d2/main.cpp:76]
info|Oct 24 2012 20:47:43| View thread started [/home/mutant/projects/tanks2d2/main.cpp:79]
info|Oct 24 2012 20:47:43| GLUT initialisied [/home/mutant/projects/tanks2d2/main.cpp:29]
info|Oct 24 2012 20:47:43| View initialisation [/home/mutant/projects/tanks2d2/src/View.cpp:19]
info|Oct 24 2012 20:47:43| Going to start glutMainLoop [/home/mutant/projects/tanks2d2/main.cpp:32]
info|Oct 24 2012 20:47:43| Playground thread started [/home/mutant/projects/tanks2d2/main.cpp:83]
error|Oct 24 2012 20:47:43| Can not open configuration file [/home/mutant/projects/tanks2d2/src/Config.cpp:17]
error|Oct 24 2012 20:47:43| Can not open configuration file [/home/mutant/projects/tanks2d2/src/Config.cpp:17]
info|Oct 24 2012 20:47:43| Initalise Entity factory [/home/mutant/projects/tanks2d2/main.cpp:87]
info|Oct 24 2012 20:47:43| Playground initialisation [/home/mutant/projects/tanks2d2/src/Playground.cpp:18]
info|Oct 24 2012 20:47:43| Stop logging [/home/mutant/projects/tanks2d2/src/Log.cpp:33]
info|Oct 24 2012 20:47:43| ------------ [/home/mutant/projects/tanks2d2/src/Log.cpp:34]
info|Oct 24 2012 20:47:43| Start logging [/home/mutant/projects/tanks2d2/main.cpp:76]
info|Oct 24 2012 20:47:43| View thread started [/home/mutant/projects/tanks2d2/main.cpp:79]
info|Oct 24 2012 20:47:43| GLUT initialisied [/home/mutant/projects/tanks2d2/main.cpp:29]
info|Oct 24 2012 20:47:43| View initialisation [/home/mutant/projects/tanks2d2/src/View.cpp:19]
info|Oct 24 2012 20:47:43| Going to start glutMainLoop [/home/mutant/projects/tanks2d2/main.cpp:32]
info|Oct 24 2012 20:47:43| Playground thread started [/home/mutant/projects/tanks2d2/main.cpp:83]
error|Oct 24 2012 20:47:43| Can not open configuration file [/home/mutant/projects/tanks2d2/src/Config.cpp:17]
error|Oct 24 2012 20:47:43| Can not open configuration file [/home/mutant/projects/tanks2d2/src/Config.cpp:17]
info|Oct 24 2012 20:47:43| Initalise Entity factory [/home/mutant/projects/tanks2d2/main.cpp:87]
info|Oct 24 2012 20:47:43| Playground initialisation [/home/mutant/projects/tanks2d2/src/Playground.cpp:18]
info|Oct 24 2012 20:47:43| Stop logging [/home/mutant/projects/tanks2d2/src/Log.cpp:33]
info|Oct 24 2012 20:47:43| ------------ [/home/mutant/projects/tanks2d2/src/Log.cpp:34]
info|Oct 24 2012 20:47:43| Start logging [/home/mutant/projects/tanks2d2/main.cpp:76]
info|Oct 24 2012 20:47:43| View thread started [/home/mutant/projects/tanks2d2/main.cpp:79]
info|Oct 24 2012 20:47:43| GLUT initialisied [/home/mutant/projects/tanks2d2/main.cpp:29]
info|Oct 24 2012 20:47:43| View initialisation [/home/mutant/projects/tanks2d2/src/View.cpp:19]
info|Oct 24 2012 20:47:43| Going to start glutMainLoop [/home/mutant/projects/tanks2d2/main.cpp:32]
info|Oct 24 2012 20:47:43| Playground thread started [/home/mutant/projects/tanks2d2/main.cpp:83]
error|Oct 24 2012 20:47:43| Can not open configuration file [/home/mutant/projects/tanks2d2/src/Config.cpp:17]
error|Oct 24 2012 20:47:43| Can not open configuration file [/home/mutant/projects/tanks2d2/src/Config.cpp:17]
info|Oct 24 2012 20:47:43| Initalise Entity factory [/home/mutant/projects/tanks2d2/main.cpp:87]
info|Oct 24 2012 20:47:43| Playground initialisation [/home/mutant/projects/tanks2d2/src/Playground.cpp:18]
info|Oct 24 2012 20:47:43| Stop logging [/home/mutant/projects/tanks2d2/src/Log.cpp:33]
info|Oct 24 2012 20:47:43| ------------ [/home/mutant/projects/tanks2d2/src/Log.cpp:34]
info|Oct 24 2012 20:47:43| Start logging [/home/mutant/projects/tanks2d2/main.cpp:76]
info|Oct 24 2012 20:47:43| View thread started [/home/mutant/projects/tanks2d2/main.cpp:79]
info|Oct 24 2012 20:47:43| GLUT initialisied [/home/mutant/projects/tanks2d2/main.cpp:29]
info|Oct 24 2012 20:47:43| View initialisation [/home/mutant/projects/tanks2d2/src/View.cpp:19]
info|Oct 24 2012 20:47:43| Going to start glutMainLoop [/home/mutant/projects/tanks2d2/main.cpp:32]
info|Oct 24 2012 20:47:43| Playground thread started [/home/mutant/projects/tanks2d2/main.cpp:83]
error|Oct 24 2012 20:47:43| Can not open configuration file [/home/mutant/projects/tanks2d2/src/Config.cpp:17]
error|Oct 24 2012 20:47:43| Can not open configuration file [/home/mutant/projects/tanks2d2/src/Config.cpp:17]
info|Oct 24 2012 20:47:43| Initalise Entity factory [/home/mutant/projects/tanks2d2/main.cpp:87]
info|Oct 24 2012 20:47:43| Playground initialisation [/home/mutant/projects/tanks2d2/src/Playground.cpp:18]
info|Oct 24 2012 20:47:43| Stop logging [/home/mutant/projects/tanks2d2/src/Log.cpp:33]
info|Oct 24 2012 20:47:43| ------------ [/home/mutant/projects/tanks2d2/src/Log.cpp:34]
info|Oct 24 2012 20:47:43| Start logging [/home/mutant/projects/tanks2d2/main.cpp:76]
info|Oct 24 2012 20:47:43| View thread started [/home/mutant/projects/tanks2d2/main.cpp:79]
info|Oct 24 2012 20:47:43| GLUT initialisied [/home/mutant/projects/tanks2d2/main.cpp:29]
info|Oct 24 2012 20:47:43| View initialisation [/home/mutant/projects/tanks2d2/src/View.cpp:19]
info|Oct 24 2012 20:47:43| Going to start glutMainLoop [/home/mutant/projects/tanks2d2/main.cpp:32]
info|Oct 24 2012 20:47:43| Playground thread started [/home/mutant/projects/tanks2d2/main.cpp:83]
error|Oct 24 2012 20:47:43| Can not open configuration file [/home/mutant/projects/tanks2d2/src/Config.cpp:17]
error|Oct 24 2012 20:47:43| Can not open configuration file [/home/mutant/projects/tanks2d2/src/Config.cpp:17]
info|Oct 24 2012 20:47:43| Initalise Entity factory [/home/mutant/projects/tanks2d2/main.cpp:87]
info|Oct 24 2012 20:47:43| Playground initialisation [/home/mutant/projects/tanks2d2/src/Playground.cpp:18]
info|Oct 24 2012 20:47:43| Stop logging [/home/mutant/projects/tanks2d2/src/Log.cpp:33]
info|Oct 24 2012 20:47:43| ------------ [/home/mutant/projects/tanks2d2/src/Log.cpp:34]
info|Oct 24 2012 20:47:43| Start logging [/home/mutant/projects/tanks2d2/main.cpp:76]
info|Oct 24 2012 20:47:43| View thread started [/home/mutant/projects/tanks2d2/main.cpp:79]
info|Oct 24 2012 20:47:43| GLUT initialisied [/home/mutant/projects/tanks2d2/main.cpp:29]
info|Oct 24 2012 20:47:43| View initialisation [/home/mutant/projects/tanks2d2/src/View.cpp:19]
info|Oct 24 2012 20:47:43| Going to start glutMainLoop [/home/mutant/projects/tanks2d2/main.cpp:32]
info|Oct 24 2012 20:47:43| Playground thread started [/home/mutant/projects/tanks2d2/main.cpp:83]
error|Oct 24 2012 20:47:43| Can not open configuration file [/home/mutant/projects/tanks2d2/src/Config.cpp:17]
error|Oct 24 2012 20:47:43| Can not open configuration file [/home/mutant/projects/tanks2d2/src/Config.cpp:17]
info|Oct 24 2012 20:47:43| Initalise Entity factory [/home/mutant/projects/tanks2d2/main.cpp:87]
info|Oct 24 2012 20:47:43| Playground initialisation [/home/mutant/projects/tanks2d2/src/Playground.cpp:18]
info|Oct 24 2012 20:47:43| Stop logging [/home/mutant/projects/tanks2d2/src/Log.cpp:33]
info|Oct 24 2012 20:47:43| ------------ [/home/mutant/projects/tanks2d2/src/Log.cpp:34]
info|Oct 24 2012 20:47:43| Start logging [/home/mutant/projects/tanks2d2/main.cpp:76]
info|Oct 24 2012 20:47:43| View thread started [/home/mutant/projects/tanks2d2/main.cpp:79]
info|Oct 24 2012 20:47:43| GLUT initialisied [/home/mutant/projects/tanks2d2/main.cpp:29]
info|Oct 24 2012 20:47:43| View initialisation [/home/mutant/projects/tanks2d2/src/View.cpp:19]
info|Oct 24 2012 20:47:43| Going to start glutMainLoop [/home/mutant/projects/tanks2d2/main.cpp:32]
info|Oct 24 2012 20:47:43| Playground thread started [/home/mutant/projects/tanks2d2/main.cpp:83]
error|Oct 24 2012 20:47:43| Can not open configuration file [/home/mutant/projects/tanks2d2/src/Config.cpp:17]
error|Oct 24 2012 20:47:43| Can not open configuration file [/home/mutant/projects/tanks2d2/src/Config.cpp:17]
info|Oct 24 2012 20:47:43| Initalise Entity factory [/home/mutant/projects/tanks2d2/main.cpp:87]
info|Oct 24 2012 20:47:43| Playground initialisation [/home/mutant/projects/tanks2d2/src/Playground.cpp:18]
info|Oct 24 2012 20:47:43| Stop logging [/home/mutant/projects/tanks2d2/src/Log.cpp:33]
info|Oct 24 2012 20:47:43| ------------ [/home/mutant/projects/tanks2d2/src/Log.cpp:34]
info|Oct 24 2012 20:47:43| Start logging [/home/mutant/projects/tanks2d2/main.cpp:76]
info|Oct 24 2012 20:47:43| View thread started [/home/mutant/projects/tanks2d2/main.cpp:79]
info|Oct 24 2012 20:47:43| GLUT initialisied [/home/mutant/projects/tanks2d2/main.cpp:29]
info|Oct 24 2012 20:47:43| View initialisation [/home/mutant/projects/tanks2d2/src/View.cpp:19]
info|Oct 24 2012 20:47:43| Going to start glutMainLoop [/home/mutant/projects/tanks2d2/main.cpp:32]
info|Oct 24 2012 20:47:43| Playground thread started [/home/mutant/projects/tanks2d2/main.cpp:83]
error|Oct 24 2012 20:47:43| Can not open configuration file [/home/mutant/projects/tanks2d2/src/Config.cpp:17]
error|Oct 24 2012 20:47:43| Can not open configuration file [/home/mutant/projects/tanks2d2/src/Config.cpp:17]
info|Oct 24 2012 20:47:43| Initalise Entity factory [/home/mutant/projects/tanks2d2/main.cpp:87]
info|Oct 24 2012 20:47:43| Playground initialisation [/home/mutant/projects/tanks2d2/src/Playground.cpp:18]
info|Oct 24 2012 20:47:43| Stop logging [/home/mutant/projects/tanks2d2/src/Log.cpp:33]
info|Oct 24 2012 20:47:43| ------------ [/home/mutant/projects/tanks2d2/src/Log.cpp:34]
info|Oct 24 2012 20:47:43| Start logging [/home/mutant/projects/tanks2d2/main.cpp:76]
info|Oct 24 2012 20:47:43| View thread started [/home/mutant/projects/tanks2d2/main.cpp:79]
info|Oct 24 2012 20:47:43| GLUT initialisied [/home/mutant/projects/tanks2d2/main.cpp:29]
info|Oct 24 2012 20:47:43| View initialisation [/home/mutant/projects/tanks2d2/src/View.cpp:19]
info|Oct 24 2012 20:47:43| Going to start glutMainLoop [/home/mutant/projects/tanks2d2/main.cpp:32]
info|Oct 24 2012 20:47:43| Playground thread started [/home/mutant/projects/tanks2d2/main.cpp:83]
error|Oct 24 2012 20:47:43| Can not open configuration file [/home/mutant/projects/tanks2d2/src/Config.cpp:17]
error|Oct 24 2012 20:47:43| Can not open configuration file [/home/mutant/projects/tanks2d2/src/Config.cpp:17]
info|Oct 24 2012 20:47:43| Initalise Entity factory [/home/mutant/projects/tanks2d2/main.cpp:87]
info|Oct 24 2012 20:47:43| Playground initialisation [/home/mutant/projects/tanks2d2/src/Playground.cpp:18]
info|Oct 24 2012 20:47:43| Stop logging [/home/mutant/projects/tanks2d2/src/Log.cpp:33]
info|Oct 24 2012 20:47:43| ------------ [/home/mutant/projects/tanks2d2/src/Log.cpp:34]
info|Oct 24 2012 20:47:43| Start logging [/home/mutant/projects/tanks2d2/main.cpp:76]
info|Oct 24 2012 20:47:43| View thread started [/home/mutant/projects/tanks2d2/main.cpp:79]
info|Oct 24 2012 20:47:43| GLUT initialisied [/home/mutant/projects/tanks2d2/main.cpp:29]
info|Oct 24 2012 20:47:43| View initialisation [/home/mutant/projects/tanks2d2/src/View.cpp:19]
info|Oct 24 2012 20:47:43| Going to start glutMainLoop [/home/mutant/projects/tanks2d2/main.cpp:32]
info|Oct 24 2012 20:47:43| Playground thread started [/home/mutant/projects/tanks2d2/main.cpp:83]
error|Oct 24 2012 20:47:43| Can not open configuration file [/home/mutant/projects/tanks2d2/src/Config.cpp:17]
error|Oct 24 2012 20:47:43| Can not open configuration file [/home/mutant/projects/tanks2d2/src/Config.cpp:17]
info|Oct 24 2012 20:47:43| Initalise Entity factory [/home/mutant/projects/tanks2d2/main.cpp:87]
info|Oct 24 2012 20:47:43| Playground initialisation [/home/mutant/projects/tanks2d2/src/Playground.cpp:18]
info|Oct 24 2012 20:47:43| Stop logging [/home/mutant/projects/tanks2d2/src/Log.cpp:33]
info|Oct 24 2012 20:47:43| ------------ [/home/mutant/projects/tanks2d2/src/Log.cpp:34]
info|Oct 24 2012 20:47:43| Start logging [/home/mutant/projects/tanks2d2/main.cpp:76]
info|Oct 24 2012 20:47:43| View thread started [/home/mutant/projects/tanks2d2/main.cpp:79]
info|Oct 24 2012 20:47:43| GLUT initialisied [/home/mutant/projects/tanks2d2/main.cpp:29]
info|Oct 24 2012 20:47:43| View initialisation [/home/mutant/projects/tanks2d2/src/View.cpp:19]
info|Oct 24 2012 20:47:43| Going to start glutMainLoop [/home/mutant/projects/tanks2d2/main.cpp:32]
info|Oct 24 2012 20:47:43| Playground thread started [/home/mutant/projects/tanks2d2/main.cpp:83]
error|Oct 24 2012 20:47:43| Can not open configuration file [/home/mutant/projects/tanks2d2/src/Config.cpp:17]
error|Oct 24 2012 20:47:43| Can not open configuration file [/home/mutant/projects/tanks2d2/src/Config.cpp:17]
info|Oct 24 2012 20:47:43| Initalise Entity factory [/home/mutant/projects/tanks2d2/main.cpp:87]
info|Oct 24 2012 20:47:43| Playground initialisation [/home/mutant/projects/tanks2d2/src/Playground.cpp:18]
info|Oct 24 2012 20:47:43| Stop logging [/home/mutant/projects/tanks2d2/src/Log.cpp:33]
info|Oct 24 2012 20:47:43| ------------ [/home/mutant/projects/tanks2d2/src/Log.cpp:34]
info|Oct 24 2012 20:47:43| Start logging [/home/mutant/projects/tanks2d2/main.cpp:76]
info|Oct 24 2012 20:47:43| View thread started [/home/mutant/projects/tanks2d2/main.cpp:79]
info|Oct 24 2012 20:47:43| GLUT initialisied [/home/mutant/projects/tanks2d2/main.cpp:29]
info|Oct 24 2012 20:47:43| View initialisation [/home/mutant/projects/tanks2d2/src/View.cpp:19]
info|Oct 24 2012 20:47:43| Going to start glutMainLoop [/home/mutant/projects/tanks2d2/main.cpp:32]
info|Oct 24 2012 20:47:43| Playground thread started [/home/mutant/projects/tanks2d2/main.cpp:83]
error|Oct 24 2012 20:47:43| Can not open configuration file [/home/mutant/projects/tanks2d2/src/Config.cpp:17]
error|Oct 24 2012 20:47:43| Can not open configuration file [/home/mutant/projects/tanks2d2/src/Config.cpp:17]
info|Oct 24 2012 20:47:43| Initalise Entity factory [/home/mutant/projects/tanks2d2/main.cpp:87]
info|Oct 24 2012 20:47:43| Playground initialisation [/home/mutant/projects/tanks2d2/src/Playground.cpp:18]
info|Oct 24 2012 20:47:43| Stop logging [/home/mutant/projects/tanks2d2/src/Log.cpp:33]
info|Oct 24 2012 20:47:43| ------------ [/home/mutant/projects/tanks2d2/src/Log.cpp:34]
info|Oct 24 2012 20:47:43| Start logging [/home/mutant/projects/tanks2d2/main.cpp:76]
info|Oct 24 2012 20:47:43| View thread started [/home/mutant/projects/tanks2d2/main.cpp:79]
info|Oct 24 2012 20:47:43| GLUT initialisied [/home/mutant/projects/tanks2d2/main.cpp:29]
info|Oct 24 2012 20:47:43| View initialisation [/home/mutant/projects/tanks2d2/src/View.cpp:19]
info|Oct 24 2012 20:47:43| Going to start glutMainLoop [/home/mutant/projects/tanks2d2/main.cpp:32]
info|Oct 24 2012 20:47:43| Playground thread started [/home/mutant/projects/tanks2d2/main.cpp:83]
error|Oct 24 2012 20:47:43| Can not open configuration file [/home/mutant/projects/tanks2d2/src/Config.cpp:17]
error|Oct 24 2012 20:47:43| Can not open configuration file [/home/mutant/projects/tanks2d2/src/Config.cpp:17]
info|Oct 24 2012 20:47:43| Initalise Entity factory [/home/mutant/projects/tanks2d2/main.cpp:87]
info|Oct 24 2012 20:47:43| Playground initialisation [/home/mutant/projects/tanks2d2/src/Playground.cpp:18]
info|Oct 24 2012 20:47:43| Stop logging [/home/mutant/projects/tanks2d2/src/Log.cpp:33]
info|Oct 24 2012 20:47:43| ------------ [/home/mutant/projects/tanks2d2/src/Log.cpp:34]
info|Oct 24 2012 20:47:43| Start logging [/home/mutant/projects/tanks2d2/main.cpp:76]
info|Oct 24 2012 20:47:43| View thread started [/home/mutant/projects/tanks2d2/main.cpp:79]
info|Oct 24 2012 20:47:43| GLUT initialisied [/home/mutant/projects/tanks2d2/main.cpp:29]
info|Oct 24 2012 20:47:43| View initialisation [/home/mutant/projects/tanks2d2/src/View.cpp:19]
info|Oct 24 2012 20:47:43| Going to start glutMainLoop [/home/mutant/projects/tanks2d2/main.cpp:32]
info|Oct 24 2012 20:47:43| Playground thread started [/home/mutant/projects/tanks2d2/main.cpp:83]
error|Oct 24 2012 20:47:43| Can not open configuration file [/home/mutant/projects/tanks2d2/src/Config.cpp:17]
error|Oct 24 2012 20:47:43| Can not open configuration file [/home/mutant/projects/tanks2d2/src/Config.cpp:17]
info|Oct 24 2012 20:47:43| Initalise Entity factory [/home/mutant/projects/tanks2d2/main.cpp:87]
info|Oct 24 2012 20:47:43| Playground initialisation [/home/mutant/projects/tanks2d2/src/Playground.cpp:18]
info|Oct 24 2012 20:47:43| Stop logging [/home/mutant/projects/tanks2d2/src/Log.cpp:33]
info|Oct 24 2012 20:47:43| ------------ [/home/mutant/projects/tanks2d2/src/Log.cpp:34]
info|Oct 24 2012 20:47:43| Start logging [/home/mutant/projects/tanks2d2/main.cpp:76]
info|Oct 24 2012 20:47:43| View thread started [/home/mutant/projects/tanks2d2/main.cpp:79]
info|Oct 24 2012 20:47:43| GLUT initialisied [/home/mutant/projects/tanks2d2/main.cpp:29]
info|Oct 24 2012 20:47:43| View initialisation [/home/mutant/projects/tanks2d2/src/View.cpp:19]
info|Oct 24 2012 20:47:43| Going to start glutMainLoop [/home/mutant/projects/tanks2d2/main.cpp:32]
info|Oct 24 2012 20:47:43| Playground thread started [/home/mutant/projects/tanks2d2/main.cpp:83]
error|Oct 24 2012 20:47:43| Can not open configuration file [/home/mutant/projects/tanks2d2/src/Config.cpp:17]
error|Oct 24 2012 20:47:43| Can not open configuration file [/home/mutant/projects/tanks2d2/src/Config.cpp:17]
info|Oct 24 2012 20:47:43| Initalise Entity factory [/home/mutant/projects/tanks2d2/main.cpp:87]
info|Oct 24 2012 20:47:43| Playground initialisation [/home/mutant/projects/tanks2d2/src/Playground.cpp:18]
info|Oct 24 2012 20:47:43| Stop logging [/home/mutant/projects/tanks2d2/src/Log.cpp:33]
info|Oct 24 2012 20:47:43| ------------ [/home/mutant/projects/tanks2d2/src/Log.cpp:34]
info|Oct 24 2012 20:47:43| Start logging [/home/mutant/projects/tanks2d2/main.cpp:76]
info|Oct 24 2012 20:47:43| View thread started [/home/mutant/projects/tanks2d2/main.cpp:79]
info|Oct 24 2012 20:47:43| GLUT initialisied [/home/mutant/projects/tanks2d2/main.cpp:29]
info|Oct 24 2012 20:47:43| View initialisation [/home/mutant/projects/tanks2d2/src/View.cpp:19]
info|Oct 24 2012 20:47:43| Going to start glutMainLoop [/home/mutant/projects/tanks2d2/main.cpp:32]
info|Oct 24 2012 20:47:43| Playground thread started [/home/mutant/projects/tanks2d2/main.cpp:83]
error|Oct 24 2012 20:47:43| Can not open configuration file [/home/mutant/projects/tanks2d2/src/Config.cpp:17]
error|Oct 24 2012 20:47:43| Can not open configuration file [/home/mutant/projects/tanks2d2/src/Config.cpp:17]
info|Oct 24 2012 20:47:43| Initalise Entity factory [/home/mutant/projects/tanks2d2/main.cpp:87]
info|Oct 24 2012 20:47:43| Playground initialisation [/home/mutant/projects/tanks2d2/src/Playground.cpp:18]
info|Oct 24 2012 20:47:43| Stop logging [/home/mutant/projects/tanks2d2/src/Log.cpp:33]
info|Oct 24 2012 20:47:43| ------------ [/home/mutant/projects/tanks2d2/src/Log.cpp:34]
info|Oct 24 2012 20:47:43| Start logging [/home/mutant/projects/tanks2d2/main.cpp:76]
info|Oct 24 2012 20:47:43| View thread started [/home/mutant/projects/tanks2d2/main.cpp:79]
info|Oct 24 2012 20:47:43| GLUT initialisied [/home/mutant/projects/tanks2d2/main.cpp:29]
info|Oct 24 2012 20:47:43| View initialisation [/home/mutant/projects/tanks2d2/src/View.cpp:19]
info|Oct 24 2012 20:47:43| Going to start glutMainLoop [/home/mutant/projects/tanks2d2/main.cpp:32]
info|Oct 24 2012 20:47:43| Playground thread started [/home/mutant/projects/tanks2d2/main.cpp:83]
error|Oct 24 2012 20:47:43| Can not open configuration file [/home/mutant/projects/tanks2d2/src/Config.cpp:17]
error|Oct 24 2012 20:47:43| Can not open configuration file [/home/mutant/projects/tanks2d2/src/Config.cpp:17]
info|Oct 24 2012 20:47:43| Initalise Entity factory [/home/mutant/projects/tanks2d2/main.cpp:87]
info|Oct 24 2012 20:47:43| Playground initialisation [/home/mutant/projects/tanks2d2/src/Playground.cpp:18]
info|Oct 24 2012 20:47:43| Stop logging [/home/mutant/projects/tanks2d2/src/Log.cpp:33]
info|Oct 24 2012 20:47:43| ------------ [/home/mutant/projects/tanks2d2/src/Log.cpp:34]
info|Oct 24 2012 20:47:43| Start logging [/home/mutant/projects/tanks2d2/main.cpp:76]
info|Oct 24 2012 20:47:43| View thread started [/home/mutant/projects/tanks2d2/main.cpp:79]
info|Oct 24 2012 20:47:43| GLUT initialisied [/home/mutant/projects/tanks2d2/main.cpp:29]
info|Oct 24 2012 20:47:43| View initialisation [/home/mutant/projects/tanks2d2/src/View.cpp:19]
info|Oct 24 2012 20:47:43| Going to start glutMainLoop [/home/mutant/projects/tanks2d2/main.cpp:32]
info|Oct 24 2012 20:47:43| Playground thread started [/home/mutant/projects/tanks2d2/main.cpp:83]
error|Oct 24 2012 20:47:43| Can not open configuration file [/home/mutant/projects/tanks2d2/src/Config.cpp:17]
error|Oct 24 2012 20:47:43| Can not open configuration file [/home/mutant/projects/tanks2d2/src/Config.cpp:17]
info|Oct 24 2012 20:47:43| Playground initialisation [/home/mutant/projects/tanks2d2/src/Playground.cpp:18]
info|Oct 24 2012 20:47:43| Initalise Entity factory [/home/mutant/projects/tanks2d2/main.cpp:87]
info|Oct 24 2012 20:47:43| Stop logging [/home/mutant/projects/tanks2d2/src/Log.cpp:33]
info|Oct 24 2012 20:47:43| ------------ [/home/mutant/projects/tanks2d2/src/Log.cpp:34]
info|Oct 24 2012 20:47:43| Start logging [/home/mutant/projects/tanks2d2/main.cpp:76]
info|Oct 24 2012 20:47:43| View thread started [/home/mutant/projects/tanks2d2/main.cpp:79]
info|Oct 24 2012 20:47:43| GLUT initialisied [/home/mutant/projects/tanks2d2/main.cpp:29]
info|Oct 24 2012 20:47:43| View initialisation [/home/mutant/projects/tanks2d2/src/View.cpp:19]
info|Oct 24 2012 20:47:43| Going to start glutMainLoop [/home/mutant/projects/tanks2d2/main.cpp:32]
info|Oct 24 2012 20:47:43| Playground thread started [/home/mutant/projects/tanks2d2/main.cpp:83]
error|Oct 24 2012 20:47:43| Can not open configuration file [/home/mutant/projects/tanks2d2/src/Config.cpp:17]
error|Oct 24 2012 20:47:43| Can not open configuration file [/home/mutant/projects/tanks2d2/src/Config.cpp:17]
info|Oct 24 2012 20:47:43| Initalise Entity factory [/home/mutant/projects/tanks2d2/main.cpp:87]
info|Oct 24 2012 20:47:43| Playground initialisation [/home/mutant/projects/tanks2d2/src/Playground.cpp:18]
info|Oct 24 2012 20:47:43| Stop logging [/home/mutant/projects/tanks2d2/src/Log.cpp:33]
info|Oct 24 2012 20:47:43| ------------ [/home/mutant/projects/tanks2d2/src/Log.cpp:34]
info|Oct 24 2012 20:47:43| Start logging [/home/mutant/projects/tanks2d2/main.cpp:76]
info|Oct 24 2012 20:47:43| View thread started [/home/mutant/projects/tanks2d2/main.cpp:79]
info|Oct 24 2012 20:47:43| GLUT initialisied [/home/mutant/projects/tanks2d2/main.cpp:29]
info|Oct 24 2012 20:47:43| View initialisation [/home/mutant/projects/tanks2d2/src/View.cpp:19]
info|Oct 24 2012 20:47:43| Going to start glutMainLoop [/home/mutant/projects/tanks2d2/main.cpp:32]
info|Oct 24 2012 20:47:43| Playground thread started [/home/mutant/projects/tanks2d2/main.cpp:83]
error|Oct 24 2012 20:47:43| Can not open configuration file [/home/mutant/projects/tanks2d2/src/Config.cpp:17]
error|Oct 24 2012 20:47:43| Can not open configuration file [/home/mutant/projects/tanks2d2/src/Config.cpp:17]
info|Oct 24 2012 20:47:43| Initalise Entity factory [/home/mutant/projects/tanks2d2/main.cpp:87]
info|Oct 24 2012 20:47:43| Playground initialisation [/home/mutant/projects/tanks2d2/src/Playground.cpp:18]
info|Oct 24 2012 20:47:43| Stop logging [/home/mutant/projects/tanks2d2/src/Log.cpp:33]
info|Oct 24 2012 20:47:43| ------------ [/home/mutant/projects/tanks2d2/src/Log.cpp:34]
info|Oct 24 2012 20:47:43| Start logging [/home/mutant/projects/tanks2d2/main.cpp:75]
info|Oct 24 2012 20:47:43| View thread started [/home/mutant/projects/tanks2d2/main.cpp:78]
info|Oct 24 2012 20:47:43| GLUT initialisied [/home/mutant/projects/tanks2d2/main.cpp:29]
info|Oct 24 2012 20:47:43| View initialisation [/home/mutant/projects/tanks2d2/src/View.cpp:19]
info|Oct 24 2012 20:47:43| Going to start glutMainLoop [/home/mutant/projects/tanks2d2/main.cpp:32]
info|Oct 24 2012 20:47:43| Playground thread started [/home/mutant/projects/tanks2d2/main.cpp:82]
error|Oct 24 2012 20:47:43| Can not open configuration file [/home/mutant/projects/tanks2d2/src/Config.cpp:17]
error|Oct 24 2012 20:47:43| Can not open configuration file [/home/mutant/projects/tanks2d2/src/Config.cpp:17]
info|Oct 24 2012 20:47:43| Initalise Entity factory [/home/mutant/projects/tanks2d2/main.cpp:86]
info|Oct 24 2012 20:47:43| Playground initialisation [/home/mutant/projects/tanks2d2/src/Playground.cpp:18]
info|Oct 24 2012 20:47:43| Stop logging [/home/mutant/projects/tanks2d2/src/Log.cpp:33]
info|Oct 24 2012 20:47:43| ------------ [/home/mutant/projects/tanks2d2/src/Log.cpp:34]
info|Oct 24 2012 20:47:43| Start logging [/home/mutant/projects/tanks2d2/main.cpp:75]
info|Oct 24 2012 20:47:43| View thread started [/home/mutant/projects/tanks2d2/main.cpp:78]
info|Oct 24 2012 20:47:43| GLUT initialisied [/home/mutant/projects/tanks2d2/main.cpp:29]
info|Oct 24 2012 20:47:43| View initialisation [/home/mutant/projects/tanks2d2/src/View.cpp:19]
info|Oct 24 2012 20:47:43| Going to start glutMainLoop [/home/mutant/projects/tanks2d2/main.cpp:32]
info|Oct 24 2012 20:47:43| Playground thread started [/home/mutant/projects/tanks2d2/main.cpp:82]
error|Oct 24 2012 20:47:43| Can not open configuration file [/home/mutant/projects/tanks2d2/src/Config.cpp:17]
error|Oct 24 2012 20:47:43| Can not open configuration file [/home/mutant/projects/tanks2d2/src/Config.cpp:17]
info|Oct 24 2012 20:47:43| Initalise Entity factory [/home/mutant/projects/tanks2d2/main.cpp:86]
info|Oct 24 2012 20:47:43| Playground initialisation [/home/mutant/projects/tanks2d2/src/Playground.cpp:18]
info|Oct 24 2012 20:47:43| Stop logging [/home/mutant/projects/tanks2d2/src/Log.cpp:33]
info|Oct 24 2012 20:47:43| ------------ [/home/mutant/projects/tanks2d2/src/Log.cpp:34]
info|Oct 24 2012 20:47:43| Start logging [/home/mutant/projects/tanks2d2/main.cpp:75]
info|Oct 24 2012 20:47:43| View thread started [/home/mutant/projects/tanks2d2/main.cpp:78]
info|Oct 24 2012 20:47:43| GLUT initialisied [/home/mutant/projects/tanks2d2/main.cpp:29]
info|Oct 24 2012 20:47:43| View initialisation [/home/mutant/projects/tanks2d2/src/View.cpp:19]
info|Oct 24 2012 20:47:43| Going to start glutMainLoop [/home/mutant/projects/tanks2d2/main.cpp:32]
info|Oct 24 2012 20:47:43| Playground thread started [/home/mutant/projects/tanks2d2/main.cpp:82]
error|Oct 24 2012 20:47:43| Can not open configuration file [/home/mutant/projects/tanks2d2/src/Config.cpp:17]
error|Oct 24 2012 20:47:43| Can not open configuration file [/home/mutant/projects/tanks2d2/src/Config.cpp:17]
info|Oct 24 2012 20:47:43| Initalise Entity factory [/home/mutant/projects/tanks2d2/main.cpp:86]
info|Oct 24 2012 20:47:43| Playground initialisation [/home/mutant/projects/tanks2d2/src/Playground.cpp:18]
info|Oct 24 2012 20:47:43| Stop logging [/home/mutant/projects/tanks2d2/src/Log.cpp:33]
info|Oct 24 2012 20:47:43| ------------ [/home/mutant/projects/tanks2d2/src/Log.cpp:34]
info|Oct 24 2012 20:47:43| Start logging [/home/mutant/projects/tanks2d2/main.cpp:75]
info|Oct 24 2012 20:47:43| View thread started [/home/mutant/projects/tanks2d2/main.cpp:78]
info|Oct 24 2012 20:47:43| GLUT initialisied [/home/mutant/projects/tanks2d2/main.cpp:29]
info|Oct 24 2012 20:47:43| View initialisation [/home/mutant/projects/tanks2d2/src/View.cpp:19]
info|Oct 24 2012 20:47:43| Going to start glutMainLoop [/home/mutant/projects/tanks2d2/main.cpp:32]
info|Oct 24 2012 20:47:43| Playground thread started [/home/mutant/projects/tanks2d2/main.cpp:82]
error|Oct 24 2012 20:47:43| Can not open configuration file [/home/mutant/projects/tanks2d2/src/Config.cpp:17]
error|Oct 24 2012 20:47:43| Can not open configuration file [/home/mutant/projects/tanks2d2/src/Config.cpp:17]
info|Oct 24 2012 20:47:43| Initalise Entity factory [/home/mutant/projects/tanks2d2/main.cpp:86]
info|Oct 24 2012 20:47:43| Playground initialisation [/home/mutant/projects/tanks2d2/src/Playground.cpp:18]
info|Oct 24 2012 20:47:43| Stop logging [/home/mutant/projects/tanks2d2/src/Log.cpp:33]
info|Oct 24 2012 20:47:43| ------------ [/home/mutant/projects/tanks2d2/src/Log.cpp:34]
info|Oct 24 2012 20:47:43| Start logging [/home/mutant/projects/tanks2d2/main.cpp:75]
info|Oct 24 2012 20:47:43| View thread started [/home/mutant/projects/tanks2d2/main.cpp:78]
info|Oct 24 2012 20:47:43| GLUT initialisied [/home/mutant/projects/tanks2d2/main.cpp:29]
info|Oct 24 2012 20:47:43| View initialisation [/home/mutant/projects/tanks2d2/src/View.cpp:19]
info|Oct 24 2012 20:47:43| Going to start glutMainLoop [/home/mutant/projects/tanks2d2/main.cpp:32]
info|Oct 24 2012 20:47:43| Playground thread started [/home/mutant/projects/tanks2d2/main.cpp:82]
error|Oct 24 2012 20:47:43| Can not open configuration file [/home/mutant/projects/tanks2d2/src/Config.cpp:17]
error|Oct 24 2012 20:47:43| Can not open configuration file [/home/mutant/projects/tanks2d2/src/Config.cpp:17]
info|Oct 24 2012 20:47:43| Initalise Entity factory [/home/mutant/projects/tanks2d2/main.cpp:86]
info|Oct 24 2012 20:47:43| Playground initialisation [/home/mutant/projects/tanks2d2/src/Playground.cpp:18]
info|Oct 24 2012 20:47:43| Stop logging [/home/mutant/projects/tanks2d2/src/Log.cpp:33]
info|Oct 24 2012 20:47:43| ------------ [/home/mutant/projects/tanks2d2/src/Log.cpp:34]
info|Oct 24 2012 20:47:43| Start logging [/home/mutant/projects/tanks2d2/main.cpp:75]
info|Oct 24 2012 20:47:43| View thread started [/home/mutant/projects/tanks2d2/main.cpp:78]
info|Oct 24 2012 20:47:43| GLUT initialisied [/home/mutant/projects/tanks2d2/main.cpp:29]
info|Oct 24 2012 20:47:43| View initialisation [/home/mutant/projects/tanks2d2/src/View.cpp:19]
info|Oct 24 2012 20:47:43| Going to start glutMainLoop [/home/mutant/projects/tanks2d2/main.cpp:32]
info|Oct 24 2012 20:47:43| Playground thread started [/home/mutant/projects/tanks2d2/main.cpp:82]
error|Oct 24 2012 20:47:43| Can not open configuration file [/home/mutant/projects/tanks2d2/src/Config.cpp:17]
error|Oct 24 2012 20:47:43| Can not open configuration file [/home/mutant/projects/tanks2d2/src/Config.cpp:17]
info|Oct 24 2012 20:47:43| Initalise Entity factory [/home/mutant/projects/tanks2d2/main.cpp:86]
info|Oct 24 2012 20:47:43| Playground initialisation [/home/mutant/projects/tanks2d2/src/Playground.cpp:18]
info|Oct 24 2012 20:47:43| Stop logging [/home/mutant/projects/tanks2d2/src/Log.cpp:33]
info|Oct 24 2012 20:47:43| ------------ [/home/mutant/projects/tanks2d2/src/Log.cpp:34]
info|Oct 24 2012 20:47:43| Start logging [/home/mutant/projects/tanks2d2/main.cpp:75]
info|Oct 24 2012 20:47:43| View thread started [/home/mutant/projects/tanks2d2/main.cpp:78]
info|Oct 24 2012 20:47:43| GLUT initialisied [/home/mutant/projects/tanks2d2/main.cpp:29]
info|Oct 24 2012 20:47:43| View initialisation [/home/mutant/projects/tanks2d2/src/View.cpp:19]
info|Oct 24 2012 20:47:43| Going to start glutMainLoop [/home/mutant/projects/tanks2d2/main.cpp:32]
info|Oct 24 2012 20:47:43| Playground thread started [/home/mutant/projects/tanks2d2/main.cpp:82]
error|Oct 24 2012 20:47:43| Can not open configuration file [/home/mutant/projects/tanks2d2/src/Config.cpp:17]
error|Oct 24 2012 20:47:43| Can not open configuration file [/home/mutant/projects/tanks2d2/src/Config.cpp:17]
info|Oct 24 2012 20:47:43| Initalise Entity factory [/home/mutant/projects/tanks2d2/main.cpp:86]
info|Oct 24 2012 20:47:43| Playground initialisation [/home/mutant/projects/tanks2d2/src/Playground.cpp:18]
info|Oct 24 2012 20:47:43| Stop logging [/home/mutant/projects/tanks2d2/src/Log.cpp:33]
info|Oct 24 2012 20:47:43| ------------ [/home/mutant/projects/tanks2d2/src/Log.cpp:34]
info|Oct 27 2012 21:28:48| Start logging [/home/mutant/projects/tanks2d2/main.cpp:75]
info|Oct 27 2012 21:28:48| View thread started [/home/mutant/projects/tanks2d2/main.cpp:78]
info|Oct 27 2012 21:28:48| GLUT initialisied [/home/mutant/projects/tanks2d2/main.cpp:29]
info|Oct 27 2012 21:28:48| View initialisation [/home/mutant/projects/tanks2d2/src/View.cpp:19]
info|Oct 27 2012 21:28:48| Going to start glutMainLoop [/home/mutant/projects/tanks2d2/main.cpp:32]
info|Oct 27 2012 21:28:48| Playground thread started [/home/mutant/projects/tanks2d2/main.cpp:82]
error|Oct 27 2012 21:28:48| Can not open configuration file [/home/mutant/projects/tanks2d2/src/Config.cpp:17]
error|Oct 27 2012 21:28:48| Can not open configuration file [/home/mutant/projects/tanks2d2/src/Config.cpp:17]
info|Oct 27 2012 21:28:48| Playground initialisation [/home/mutant/projects/tanks2d2/src/Playground.cpp:18]
info|Oct 27 2012 21:28:48| Initalise Entity factory [/home/mutant/projects/tanks2d2/main.cpp:86]
info|Oct 27 2012 21:28:48| Stop logging [/home/mutant/projects/tanks2d2/src/Log.cpp:33]
info|Oct 27 2012 21:28:48| ------------ [/home/mutant/projects/tanks2d2/src/Log.cpp:34]
info|Oct 27 2012 21:28:48| Start logging [/home/mutant/projects/tanks2d2/main.cpp:75]
info|Oct 27 2012 21:28:48| View thread started [/home/mutant/projects/tanks2d2/main.cpp:78]
info|Oct 27 2012 21:28:48| GLUT initialisied [/home/mutant/projects/tanks2d2/main.cpp:29]
info|Oct 27 2012 21:28:48| View initialisation [/home/mutant/projects/tanks2d2/src/View.cpp:19]
info|Oct 27 2012 21:28:48| Going to start glutMainLoop [/home/mutant/projects/tanks2d2/main.cpp:32]
info|Oct 27 2012 21:28:48| Playground thread started [/home/mutant/projects/tanks2d2/main.cpp:82]
error|Oct 27 2012 21:28:48| Can not open configuration file [/home/mutant/projects/tanks2d2/src/Config.cpp:17]
error|Oct 27 2012 21:28:48| Can not open configuration file [/home/mutant/projects/tanks2d2/src/Config.cpp:17]
info|Oct 27 2012 21:28:48| Initalise Entity factory [/home/mutant/projects/tanks2d2/main.cpp:86]
info|Oct 27 2012 21:28:48| Playground initialisation [/home/mutant/projects/tanks2d2/src/Playground.cpp:18]
info|Oct 27 2012 21:28:48| Stop logging [/home/mutant/projects/tanks2d2/src/Log.cpp:33]
info|Oct 27 2012 21:28:48| ------------ [/home/mutant/projects/tanks2d2/src/Log.cpp:34]
info|Oct 27 2012 21:28:48| Start logging [/home/mutant/projects/tanks2d2/main.cpp:75]
info|Oct 27 2012 21:28:48| View thread started [/home/mutant/projects/tanks2d2/main.cpp:78]
info|Oct 27 2012 21:28:48| GLUT initialisied [/home/mutant/projects/tanks2d2/main.cpp:29]
info|Oct 27 2012 21:28:48| View initialisation [/home/mutant/projects/tanks2d2/src/View.cpp:19]
info|Oct 27 2012 21:28:48| Going to start glutMainLoop [/home/mutant/projects/tanks2d2/main.cpp:32]
info|Oct 27 2012 21:28:48| Playground thread started [/home/mutant/projects/tanks2d2/main.cpp:82]
error|Oct 27 2012 21:28:48| Can not open configuration file [/home/mutant/projects/tanks2d2/src/Config.cpp:17]
error|Oct 27 2012 21:28:48| Can not open configuration file [/home/mutant/projects/tanks2d2/src/Config.cpp:17]
info|Oct 27 2012 21:28:48| Initalise Entity factory [/home/mutant/projects/tanks2d2/main.cpp:86]
info|Oct 27 2012 21:28:48| Playground initialisation [/home/mutant/projects/tanks2d2/src/Playground.cpp:18]
info|Oct 27 2012 21:28:48| Stop logging [/home/mutant/projects/tanks2d2/src/Log.cpp:33]
info|Oct 27 2012 21:28:48| ------------ [/home/mutant/projects/tanks2d2/src/Log.cpp:34]
info|Oct 27 2012 21:28:48| Start logging [/home/mutant/projects/tanks2d2/main.cpp:75]
info|Oct 27 2012 21:28:48| View thread started [/home/mutant/projects/tanks2d2/main.cpp:78]
info|Oct 27 2012 21:28:48| GLUT initialisied [/home/mutant/projects/tanks2d2/main.cpp:29]
info|Oct 27 2012 21:28:48| View initialisation [/home/mutant/projects/tanks2d2/src/View.cpp:19]
info|Oct 27 2012 21:28:48| Going to start glutMainLoop [/home/mutant/projects/tanks2d2/main.cpp:32]
info|Oct 27 2012 21:28:48| Playground thread started [/home/mutant/projects/tanks2d2/main.cpp:82]
error|Oct 27 2012 21:28:48| Can not open configuration file [/home/mutant/projects/tanks2d2/src/Config.cpp:17]
error|Oct 27 2012 21:28:48| Can not open configuration file [/home/mutant/projects/tanks2d2/src/Config.cpp:17]
info|Oct 27 2012 21:28:48| Initalise Entity factory [/home/mutant/projects/tanks2d2/main.cpp:86]
info|Oct 27 2012 21:28:48| Playground initialisation [/home/mutant/projects/tanks2d2/src/Playground.cpp:18]
info|Oct 27 2012 21:28:48| Start logging [/home/mutant/projects/tanks2d2/main.cpp:75]
info|Oct 27 2012 21:28:48| View thread started [/home/mutant/projects/tanks2d2/main.cpp:78]
info|Oct 27 2012 21:28:48| GLUT initialisied [/home/mutant/projects/tanks2d2/main.cpp:29]
info|Oct 27 2012 21:28:48| View initialisation [/home/mutant/projects/tanks2d2/src/View.cpp:19]
info|Oct 27 2012 21:28:48| Going to start glutMainLoop [/home/mutant/projects/tanks2d2/main.cpp:32]
info|Oct 27 2012 21:28:48| Playground thread started [/home/mutant/projects/tanks2d2/main.cpp:82]
error|Oct 27 2012 21:28:48| Can not open configuration file [/home/mutant/projects/tanks2d2/src/Config.cpp:17]
error|Oct 27 2012 21:28:48| Can not open configuration file [/home/mutant/projects/tanks2d2/src/Config.cpp:17]
info|Oct 27 2012 21:28:48| Initalise Entity factory [/home/mutant/projects/tanks2d2/main.cpp:86]
info|Oct 27 2012 21:28:48| Playground initialisation [/home/mutant/projects/tanks2d2/src/Playground.cpp:18]
info|Oct 27 2012 21:28:48| Stop logging [/home/mutant/projects/tanks2d2/src/Log.cpp:33]
info|Oct 27 2012 21:28:48| ------------ [/home/mutant/projects/tanks2d2/src/Log.cpp:34]
info|Oct 27 2012 21:28:48| Start logging [/home/mutant/projects/tanks2d2/main.cpp:75]
info|Oct 27 2012 21:28:48| View thread started [/home/mutant/projects/tanks2d2/main.cpp:78]
info|Oct 27 2012 21:28:48| GLUT initialisied [/home/mutant/projects/tanks2d2/main.cpp:29]
info|Oct 27 2012 21:28:48| View initialisation [/home/mutant/projects/tanks2d2/src/View.cpp:19]
info|Oct 27 2012 21:28:48| Going to start glutMainLoop [/home/mutant/projects/tanks2d2/main.cpp:32]
info|Oct 27 2012 21:28:48| Playground thread started [/home/mutant/projects/tanks2d2/main.cpp:82]
error|Oct 27 2012 21:28:48| Can not open configuration file [/home/mutant/projects/tanks2d2/src/Config.cpp:17]
error|Oct 27 2012 21:28:48| Can not open configuration file [/home/mutant/projects/tanks2d2/src/Config.cpp:17]
info|Oct 27 2012 21:28:48| Initalise Entity factory [/home/mutant/projects/tanks2d2/main.cpp:86]
info|Oct 27 2012 21:28:48| Playground initialisation [/home/mutant/projects/tanks2d2/src/Playground.cpp:18]
info|Oct 27 2012 21:28:48| Stop logging [/home/mutant/projects/tanks2d2/src/Log.cpp:33]
info|Oct 27 2012 21:28:48| ------------ [/home/mutant/projects/tanks2d2/src/Log.cpp:34]
info|Oct 27 2012 21:28:48| Start logging [/home/mutant/projects/tanks2d2/main.cpp:76]
info|Oct 27 2012 21:28:48| View thread started [/home/mutant/projects/tanks2d2/main.cpp:79]
info|Oct 27 2012 21:28:48| GLUT initialisied [/home/mutant/projects/tanks2d2/main.cpp:30]
info|Oct 27 2012 21:28:48| View initialisation [/home/mutant/projects/tanks2d2/src/View.cpp:19]
info|Oct 27 2012 21:28:48| Going to start glutMainLoop [/home/mutant/projects/tanks2d2/main.cpp:33]
info|Oct 27 2012 21:28:48| Playground thread started [/home/mutant/projects/tanks2d2/main.cpp:83]
error|Oct 27 2012 21:28:48| Can not open configuration file [/home/mutant/projects/tanks2d2/src/Config.cpp:17]
error|Oct 27 2012 21:28:48| Can not open configuration file [/home/mutant/projects/tanks2d2/src/Config.cpp:17]
info|Oct 27 2012 21:28:48| Initalise Entity factory [/home/mutant/projects/tanks2d2/main.cpp:87]
info|Oct 27 2012 21:28:48| Playground initialisation [/home/mutant/projects/tanks2d2/src/Playground.cpp:18]
info|Oct 27 2012 21:28:48| Stop logging [/home/mutant/projects/tanks2d2/src/Log.cpp:33]
info|Oct 27 2012 21:28:48| ------------ [/home/mutant/projects/tanks2d2/src/Log.cpp:34]
info|Oct 27 2012 21:28:48| Start logging [/home/mutant/projects/tanks2d2/main.cpp:76]
info|Oct 27 2012 21:28:48| View thread started [/home/mutant/projects/tanks2d2/main.cpp:79]
info|Oct 27 2012 21:28:48| GLUT initialisied [/home/mutant/projects/tanks2d2/main.cpp:30]
info|Oct 27 2012 21:28:48| View initialisation [/home/mutant/projects/tanks2d2/src/View.cpp:19]
info|Oct 27 2012 21:28:48| Going to start glutMainLoop [/home/mutant/projects/tanks2d2/main.cpp:33]
info|Oct 27 2012 21:28:48| Playground thread started [/home/mutant/projects/tanks2d2/main.cpp:83]
error|Oct 27 2012 21:28:48| Can not open configuration file [/home/mutant/projects/tanks2d2/src/Config.cpp:17]
error|Oct 27 2012 21:28:48| Can not open configuration file [/home/mutant/projects/tanks2d2/src/Config.cpp:17]
info|Oct 27 2012 21:28:48| Initalise Entity factory [/home/mutant/projects/tanks2d2/main.cpp:87]
info|Oct 27 2012 21:28:48| Playground initialisation [/home/mutant/projects/tanks2d2/src/Playground.cpp:18]
info|Oct 27 2012 21:28:48| Stop logging [/home/mutant/projects/tanks2d2/src/Log.cpp:33]
info|Oct 27 2012 21:28:48| ------------ [/home/mutant/projects/tanks2d2/src/Log.cpp:34]
info|Oct 27 2012 21:28:48| Start logging [/home/mutant/projects/tanks2d2/main.cpp:76]
info|Oct 27 2012 21:28:48| View thread started [/home/mutant/projects/tanks2d2/main.cpp:79]
info|Oct 27 2012 21:28:48| GLUT initialisied [/home/mutant/projects/tanks2d2/main.cpp:30]
info|Oct 27 2012 21:28:48| View initialisation [/home/mutant/projects/tanks2d2/src/View.cpp:19]
info|Oct 27 2012 21:28:48| Going to start glutMainLoop [/home/mutant/projects/tanks2d2/main.cpp:33]
info|Oct 27 2012 21:28:48| Playground thread started [/home/mutant/projects/tanks2d2/main.cpp:83]
error|Oct 27 2012 21:28:48| Can not open configuration file [/home/mutant/projects/tanks2d2/src/Config.cpp:17]
error|Oct 27 2012 21:28:48| Can not open configuration file [/home/mutant/projects/tanks2d2/src/Config.cpp:17]
info|Oct 27 2012 21:28:48| Initalise Entity factory [/home/mutant/projects/tanks2d2/main.cpp:87]
info|Oct 27 2012 21:28:48| Playground initialisation [/home/mutant/projects/tanks2d2/src/Playground.cpp:18]
info|Oct 27 2012 21:28:48| Stop logging [/home/mutant/projects/tanks2d2/src/Log.cpp:33]
info|Oct 27 2012 21:28:48| ------------ [/home/mutant/projects/tanks2d2/src/Log.cpp:34]
info|Oct 27 2012 21:28:48| Start logging [/home/mutant/projects/tanks2d2/main.cpp:76]
info|Oct 27 2012 21:28:48| View thread started [/home/mutant/projects/tanks2d2/main.cpp:79]
info|Oct 27 2012 21:28:48| GLUT initialisied [/home/mutant/projects/tanks2d2/main.cpp:30]
info|Oct 27 2012 21:28:48| View initialisation [/home/mutant/projects/tanks2d2/src/View.cpp:19]
info|Oct 27 2012 21:28:48| Going to start glutMainLoop [/home/mutant/projects/tanks2d2/main.cpp:33]
info|Oct 27 2012 21:28:48| Playground thread started [/home/mutant/projects/tanks2d2/main.cpp:83]
error|Oct 27 2012 21:28:48| Can not open configuration file [/home/mutant/projects/tanks2d2/src/Config.cpp:17]
error|Oct 27 2012 21:28:48| Can not open configuration file [/home/mutant/projects/tanks2d2/src/Config.cpp:17]
info|Oct 27 2012 21:28:48| Initalise Entity factory [/home/mutant/projects/tanks2d2/main.cpp:87]
info|Oct 27 2012 21:28:48| Playground initialisation [/home/mutant/projects/tanks2d2/src/Playground.cpp:18]
info|Oct 27 2012 21:28:48| Stop logging [/home/mutant/projects/tanks2d2/src/Log.cpp:33]
info|Oct 27 2012 21:28:48| ------------ [/home/mutant/projects/tanks2d2/src/Log.cpp:34]
info|Oct 27 2012 21:28:48| Start logging [/home/mutant/projects/tanks2d2/main.cpp:76]
info|Oct 27 2012 21:28:48| View thread started [/home/mutant/projects/tanks2d2/main.cpp:79]
info|Oct 27 2012 21:28:48| GLUT initialisied [/home/mutant/projects/tanks2d2/main.cpp:30]
info|Oct 27 2012 21:28:48| View initialisation [/home/mutant/projects/tanks2d2/src/View.cpp:19]
info|Oct 27 2012 21:28:48| Going to start glutMainLoop [/home/mutant/projects/tanks2d2/main.cpp:33]
info|Oct 27 2012 21:28:48| Playground thread started [/home/mutant/projects/tanks2d2/main.cpp:83]
error|Oct 27 2012 21:28:48| Can not open configuration file [/home/mutant/projects/tanks2d2/src/Config.cpp:17]
error|Oct 27 2012 21:28:48| Can not open configuration file [/home/mutant/projects/tanks2d2/src/Config.cpp:17]
info|Oct 27 2012 21:28:48| Initalise Entity factory [/home/mutant/projects/tanks2d2/main.cpp:87]
info|Oct 27 2012 21:28:48| Playground initialisation [/home/mutant/projects/tanks2d2/src/Playground.cpp:18]
info|Oct 27 2012 21:28:48| Stop logging [/home/mutant/projects/tanks2d2/src/Log.cpp:33]
info|Oct 27 2012 21:28:48| ------------ [/home/mutant/projects/tanks2d2/src/Log.cpp:34]
info|Oct 27 2012 21:28:48| Start logging [/home/mutant/projects/tanks2d2/main.cpp:76]
info|Oct 27 2012 21:28:48| View thread started [/home/mutant/projects/tanks2d2/main.cpp:79]
info|Oct 27 2012 21:28:48| GLUT initialisied [/home/mutant/projects/tanks2d2/main.cpp:30]
info|Oct 27 2012 21:28:48| View initialisation [/home/mutant/projects/tanks2d2/src/View.cpp:19]
info|Oct 27 2012 21:28:48| Going to start glutMainLoop [/home/mutant/projects/tanks2d2/main.cpp:33]
info|Oct 27 2012 21:28:48| Playground thread started [/home/mutant/projects/tanks2d2/main.cpp:83]
error|Oct 27 2012 21:28:48| Can not open configuration file [/home/mutant/projects/tanks2d2/src/Config.cpp:17]
error|Oct 27 2012 21:28:48| Can not open configuration file [/home/mutant/projects/tanks2d2/src/Config.cpp:17]
info|Oct 27 2012 21:28:48| Initalise Entity factory [/home/mutant/projects/tanks2d2/main.cpp:87]
info|Oct 27 2012 21:28:48| Playground initialisation [/home/mutant/projects/tanks2d2/src/Playground.cpp:18]
info|Oct 27 2012 21:28:48| Stop logging [/home/mutant/projects/tanks2d2/src/Log.cpp:33]
info|Oct 27 2012 21:28:48| ------------ [/home/mutant/projects/tanks2d2/src/Log.cpp:34]
info|Oct 27 2012 21:28:48| Start logging [/home/mutant/projects/tanks2d2/main.cpp:76]
info|Oct 27 2012 21:28:48| View thread started [/home/mutant/projects/tanks2d2/main.cpp:79]
info|Oct 27 2012 21:28:48| GLUT initialisied [/home/mutant/projects/tanks2d2/main.cpp:30]
info|Oct 27 2012 21:28:48| View initialisation [/home/mutant/projects/tanks2d2/src/View.cpp:19]
info|Oct 27 2012 21:28:48| Going to start glutMainLoop [/home/mutant/projects/tanks2d2/main.cpp:33]
info|Oct 27 2012 21:28:48| Playground thread started [/home/mutant/projects/tanks2d2/main.cpp:83]
error|Oct 27 2012 21:28:48| Can not open configuration file [/home/mutant/projects/tanks2d2/src/Config.cpp:17]
error|Oct 27 2012 21:28:48| Can not open configuration file [/home/mutant/projects/tanks2d2/src/Config.cpp:17]
info|Oct 27 2012 21:28:48| Initalise Entity factory [/home/mutant/projects/tanks2d2/main.cpp:87]
info|Oct 27 2012 21:28:48| Playground initialisation [/home/mutant/projects/tanks2d2/src/Playground.cpp:18]
info|Oct 27 2012 21:28:48| Stop logging [/home/mutant/projects/tanks2d2/src/Log.cpp:33]
info|Oct 27 2012 21:28:48| ------------ [/home/mutant/projects/tanks2d2/src/Log.cpp:34]
info|Oct 27 2012 21:28:48| Start logging [/home/mutant/projects/tanks2d2/main.cpp:76]
info|Oct 27 2012 21:28:48| View thread started [/home/mutant/projects/tanks2d2/main.cpp:79]
info|Oct 27 2012 21:28:48| GLUT initialisied [/home/mutant/projects/tanks2d2/main.cpp:30]
info|Oct 27 2012 21:28:48| View initialisation [/home/mutant/projects/tanks2d2/src/View.cpp:19]
info|Oct 27 2012 21:28:48| Going to start glutMainLoop [/home/mutant/projects/tanks2d2/main.cpp:33]
info|Oct 27 2012 21:28:48| Playground thread started [/home/mutant/projects/tanks2d2/main.cpp:83]
error|Oct 27 2012 21:28:48| Can not open configuration file [/home/mutant/projects/tanks2d2/src/Config.cpp:17]
error|Oct 27 2012 21:28:48| Can not open configuration file [/home/mutant/projects/tanks2d2/src/Config.cpp:17]
info|Oct 27 2012 21:28:48| Initalise Entity factory [/home/mutant/projects/tanks2d2/main.cpp:87]
info|Oct 27 2012 21:28:48| Playground initialisation [/home/mutant/projects/tanks2d2/src/Playground.cpp:18]
info|Oct 27 2012 21:28:48| Stop logging [/home/mutant/projects/tanks2d2/src/Log.cpp:33]
info|Oct 27 2012 21:28:48| ------------ [/home/mutant/projects/tanks2d2/src/Log.cpp:34]
info|Oct 27 2012 21:28:48| Start logging [/home/mutant/projects/tanks2d2/main.cpp:76]
info|Oct 27 2012 21:28:48| View thread started [/home/mutant/projects/tanks2d2/main.cpp:79]
info|Oct 27 2012 21:28:48| GLUT initialisied [/home/mutant/projects/tanks2d2/main.cpp:30]
info|Oct 27 2012 21:28:48| View initialisation [/home/mutant/projects/tanks2d2/src/View.cpp:19]
info|Oct 27 2012 21:28:48| Going to start glutMainLoop [/home/mutant/projects/tanks2d2/main.cpp:33]
info|Oct 27 2012 21:28:48| Playground thread started [/home/mutant/projects/tanks2d2/main.cpp:83]
error|Oct 27 2012 21:28:48| Can not open configuration file [/home/mutant/projects/tanks2d2/src/Config.cpp:17]
error|Oct 27 2012 21:28:48| Can not open configuration file [/home/mutant/projects/tanks2d2/src/Config.cpp:17]
info|Oct 27 2012 21:28:48| Initalise Entity factory [/home/mutant/projects/tanks2d2/main.cpp:87]
info|Oct 27 2012 21:28:48| Playground initialisation [/home/mutant/projects/tanks2d2/src/Playground.cpp:18]
info|Oct 27 2012 21:28:48| Stop logging [/home/mutant/projects/tanks2d2/src/Log.cpp:33]
info|Oct 27 2012 21:28:48| ------------ [/home/mutant/projects/tanks2d2/src/Log.cpp:34]
info|Oct 27 2012 21:28:48| Start logging [/home/mutant/projects/tanks2d2/main.cpp:76]
info|Oct 27 2012 21:28:48| View thread started [/home/mutant/projects/tanks2d2/main.cpp:79]
info|Oct 27 2012 21:28:48| GLUT initialisied [/home/mutant/projects/tanks2d2/main.cpp:30]
info|Oct 27 2012 21:28:48| View initialisation [/home/mutant/projects/tanks2d2/src/View.cpp:19]
info|Oct 27 2012 21:28:48| Going to start glutMainLoop [/home/mutant/projects/tanks2d2/main.cpp:33]
info|Oct 27 2012 21:28:48| Playground thread started [/home/mutant/projects/tanks2d2/main.cpp:83]
error|Oct 27 2012 21:28:48| Can not open configuration file [/home/mutant/projects/tanks2d2/src/Config.cpp:17]
error|Oct 27 2012 21:28:48| Can not open configuration file [/home/mutant/projects/tanks2d2/src/Config.cpp:17]
info|Oct 27 2012 21:28:48| Initalise Entity factory [/home/mutant/projects/tanks2d2/main.cpp:87]
info|Oct 27 2012 21:28:48| Playground initialisation [/home/mutant/projects/tanks2d2/src/Playground.cpp:18]
info|Oct 27 2012 21:28:48| Stop logging [/home/mutant/projects/tanks2d2/src/Log.cpp:33]
info|Oct 27 2012 21:28:48| ------------ [/home/mutant/projects/tanks2d2/src/Log.cpp:34]
info|Oct 27 2012 21:28:48| Start logging [/home/mutant/projects/tanks2d2/main.cpp:76]
info|Oct 27 2012 21:28:48| View thread started [/home/mutant/projects/tanks2d2/main.cpp:79]
info|Oct 27 2012 21:28:48| GLUT initialisied [/home/mutant/projects/tanks2d2/main.cpp:30]
info|Oct 27 2012 21:28:48| View initialisation [/home/mutant/projects/tanks2d2/src/View.cpp:19]
info|Oct 27 2012 21:28:48| Going to start glutMainLoop [/home/mutant/projects/tanks2d2/main.cpp:33]
info|Oct 27 2012 21:28:48| Playground thread started [/home/mutant/projects/tanks2d2/main.cpp:83]
error|Oct 27 2012 21:28:48| Can not open configuration file [/home/mutant/projects/tanks2d2/src/Config.cpp:17]
error|Oct 27 2012 21:28:48| Can not open configuration file [/home/mutant/projects/tanks2d2/src/Config.cpp:17]
info|Oct 27 2012 21:28:48| Playground initialisation [/home/mutant/projects/tanks2d2/src/Playground.cpp:18]
info|Oct 27 2012 21:28:48| Initalise Entity factory [/home/mutant/projects/tanks2d2/main.cpp:87]
info|Oct 27 2012 21:28:48| Stop logging [/home/mutant/projects/tanks2d2/src/Log.cpp:33]
info|Oct 27 2012 21:28:48| ------------ [/home/mutant/projects/tanks2d2/src/Log.cpp:34]
info|Oct 27 2012 21:28:48| Start logging [/home/mutant/projects/tanks2d2/main.cpp:76]
info|Oct 27 2012 21:28:48| View thread started [/home/mutant/projects/tanks2d2/main.cpp:79]
info|Oct 27 2012 21:28:48| GLUT initialisied [/home/mutant/projects/tanks2d2/main.cpp:30]
info|Oct 27 2012 21:28:48| View initialisation [/home/mutant/projects/tanks2d2/src/View.cpp:19]
info|Oct 27 2012 21:28:48| Going to start glutMainLoop [/home/mutant/projects/tanks2d2/main.cpp:33]
info|Oct 27 2012 21:28:48| Playground thread started [/home/mutant/projects/tanks2d2/main.cpp:83]
error|Oct 27 2012 21:28:48| Can not open configuration file [/home/mutant/projects/tanks2d2/src/Config.cpp:17]
error|Oct 27 2012 21:28:48| Can not open configuration file [/home/mutant/projects/tanks2d2/src/Config.cpp:17]
info|Oct 27 2012 21:28:48| Initalise Entity factory [/home/mutant/projects/tanks2d2/main.cpp:87]
info|Oct 27 2012 21:28:48| Playground initialisation [/home/mutant/projects/tanks2d2/src/Playground.cpp:18]
info|Oct 27 2012 21:28:48| Stop logging [/home/mutant/projects/tanks2d2/src/Log.cpp:33]
info|Oct 27 2012 21:28:48| ------------ [/home/mutant/projects/tanks2d2/src/Log.cpp:34]
info|Oct 27 2012 21:28:48| Start logging [/home/mutant/projects/tanks2d2/main.cpp:76]
info|Oct 27 2012 21:28:48| View thread started [/home/mutant/projects/tanks2d2/main.cpp:79]
info|Oct 27 2012 21:28:48| GLUT initialisied [/home/mutant/projects/tanks2d2/main.cpp:30]
info|Oct 27 2012 21:28:48| View initialisation [/home/mutant/projects/tanks2d2/src/View.cpp:19]
info|Oct 27 2012 21:28:48| Going to start glutMainLoop [/home/mutant/projects/tanks2d2/main.cpp:33]
info|Oct 27 2012 21:28:48| Playground thread started [/home/mutant/projects/tanks2d2/main.cpp:83]
error|Oct 27 2012 21:28:48| Can not open configuration file [/home/mutant/projects/tanks2d2/src/Config.cpp:17]
error|Oct 27 2012 21:28:48| Can not open configuration file [/home/mutant/projects/tanks2d2/src/Config.cpp:17]
info|Oct 27 2012 21:28:48| Playground initialisation [/home/mutant/projects/tanks2d2/src/Playground.cpp:23]
info|Oct 27 2012 21:28:48| Initalise Entity factory [/home/mutant/projects/tanks2d2/main.cpp:87]
info|Oct 27 2012 21:28:48| Stop logging [/home/mutant/projects/tanks2d2/src/Log.cpp:33]
info|Oct 27 2012 21:28:48| ------------ [/home/mutant/projects/tanks2d2/src/Log.cpp:34]
info|Oct 27 2012 21:28:48| Start logging [/home/mutant/projects/tanks2d2/main.cpp:76]
info|Oct 27 2012 21:28:48| View thread started [/home/mutant/projects/tanks2d2/main.cpp:79]
info|Oct 27 2012 21:28:48| GLUT initialisied [/home/mutant/projects/tanks2d2/main.cpp:30]
info|Oct 27 2012 21:28:48| View initialisation [/home/mutant/projects/tanks2d2/src/View.cpp:19]
info|Oct 27 2012 21:28:48| Going to start glutMainLoop [/home/mutant/projects/tanks2d2/main.cpp:33]
info|Oct 27 2012 21:28:48| Playground thread started [/home/mutant/projects/tanks2d2/main.cpp:83]
error|Oct 27 2012 21:28:48| Can not open configuration file [/home/mutant/projects/tanks2d2/src/Config.cpp:17]
error|Oct 27 2012 21:28:48| Can not open configuration file [/home/mutant/projects/tanks2d2/src/Config.cpp:17]
info|Oct 27 2012 21:28:48| Initalise Entity factory [/home/mutant/projects/tanks2d2/main.cpp:87]
info|Oct 27 2012 21:28:48| Playground initialisation [/home/mutant/projects/tanks2d2/src/Playground.cpp:23]
info|Oct 27 2012 21:28:48| Stop logging [/home/mutant/projects/tanks2d2/src/Log.cpp:33]
info|Oct 27 2012 21:28:48| ------------ [/home/mutant/projects/tanks2d2/src/Log.cpp:34]
info|Oct 27 2012 21:28:48| Start logging [/home/mutant/projects/tanks2d2/main.cpp:76]
info|Oct 27 2012 21:28:48| View thread started [/home/mutant/projects/tanks2d2/main.cpp:79]
info|Oct 27 2012 21:28:48| GLUT initialisied [/home/mutant/projects/tanks2d2/main.cpp:30]
info|Oct 27 2012 21:28:48| View initialisation [/home/mutant/projects/tanks2d2/src/View.cpp:19]
info|Oct 27 2012 21:28:48| Going to start glutMainLoop [/home/mutant/projects/tanks2d2/main.cpp:33]
info|Oct 27 2012 21:28:48| Playground thread started [/home/mutant/projects/tanks2d2/main.cpp:83]
error|Oct 27 2012 21:28:48| Can not open configuration file [/home/mutant/projects/tanks2d2/src/Config.cpp:17]
error|Oct 27 2012 21:28:48| Can not open configuration file [/home/mutant/projects/tanks2d2/src/Config.cpp:17]
info|Oct 27 2012 21:28:48| Initalise Entity factory [/home/mutant/projects/tanks2d2/main.cpp:87]
info|Oct 27 2012 21:28:48| Playground initialisation [/home/mutant/projects/tanks2d2/src/Playground.cpp:23]
info|Oct 27 2012 21:28:48| Stop logging [/home/mutant/projects/tanks2d2/src/Log.cpp:33]
info|Oct 27 2012 21:28:48| ------------ [/home/mutant/projects/tanks2d2/src/Log.cpp:34]
info|Oct 27 2012 21:28:48| Start logging [/home/mutant/projects/tanks2d2/main.cpp:76]
info|Oct 27 2012 21:28:48| View thread started [/home/mutant/projects/tanks2d2/main.cpp:79]
info|Oct 27 2012 21:28:48| GLUT initialisied [/home/mutant/projects/tanks2d2/main.cpp:30]
info|Oct 27 2012 21:28:48| View initialisation [/home/mutant/projects/tanks2d2/src/View.cpp:19]
info|Oct 27 2012 21:28:48| Going to start glutMainLoop [/home/mutant/projects/tanks2d2/main.cpp:33]
info|Oct 27 2012 21:28:48| Playground thread started [/home/mutant/projects/tanks2d2/main.cpp:83]
error|Oct 27 2012 21:28:48| Can not open configuration file [/home/mutant/projects/tanks2d2/src/Config.cpp:17]
error|Oct 27 2012 21:28:48| Can not open configuration file [/home/mutant/projects/tanks2d2/src/Config.cpp:17]
info|Oct 27 2012 21:28:48| Initalise Entity factory [/home/mutant/projects/tanks2d2/main.cpp:87]
info|Oct 27 2012 21:28:48| Playground initialisation [/home/mutant/projects/tanks2d2/src/Playground.cpp:27]
info|Oct 27 2012 21:28:48| Stop logging [/home/mutant/projects/tanks2d2/src/Log.cpp:33]
info|Oct 27 2012 21:28:48| ------------ [/home/mutant/projects/tanks2d2/src/Log.cpp:34]
info|Oct 27 2012 21:28:48| Start logging [/home/mutant/projects/tanks2d2/main.cpp:76]
info|Oct 27 2012 21:28:48| View thread started [/home/mutant/projects/tanks2d2/main.cpp:79]
info|Oct 27 2012 21:28:48| GLUT initialisied [/home/mutant/projects/tanks2d2/main.cpp:30]
info|Oct 27 2012 21:28:48| View initialisation [/home/mutant/projects/tanks2d2/src/View.cpp:19]
info|Oct 27 2012 21:28:48| Going to start glutMainLoop [/home/mutant/projects/tanks2d2/main.cpp:33]
info|Oct 27 2012 21:28:48| Playground thread started [/home/mutant/projects/tanks2d2/main.cpp:83]
error|Oct 27 2012 21:28:48| Can not open configuration file [/home/mutant/projects/tanks2d2/src/Config.cpp:17]
error|Oct 27 2012 21:28:48| Can not open configuration file [/home/mutant/projects/tanks2d2/src/Config.cpp:17]
info|Oct 27 2012 21:28:48| Initalise Entity factory [/home/mutant/projects/tanks2d2/main.cpp:87]
info|Oct 27 2012 21:28:48| Playground initialisation [/home/mutant/projects/tanks2d2/src/Playground.cpp:27]
info|Oct 27 2012 21:28:48| Stop logging [/home/mutant/projects/tanks2d2/src/Log.cpp:33]
info|Oct 27 2012 21:28:48| ------------ [/home/mutant/projects/tanks2d2/src/Log.cpp:34]
info|Oct 27 2012 21:28:48| Start logging [/home/mutant/projects/tanks2d2/main.cpp:76]
info|Oct 27 2012 21:28:48| View thread started [/home/mutant/projects/tanks2d2/main.cpp:79]
info|Oct 27 2012 21:28:48| GLUT initialisied [/home/mutant/projects/tanks2d2/main.cpp:30]
info|Oct 27 2012 21:28:48| View initialisation [/home/mutant/projects/tanks2d2/src/View.cpp:19]
info|Oct 27 2012 21:28:48| Going to start glutMainLoop [/home/mutant/projects/tanks2d2/main.cpp:33]
info|Oct 27 2012 21:28:48| Playground thread started [/home/mutant/projects/tanks2d2/main.cpp:83]
error|Oct 27 2012 21:28:48| Can not open configuration file [/home/mutant/projects/tanks2d2/src/Config.cpp:17]
error|Oct 27 2012 21:28:48| Can not open configuration file [/home/mutant/projects/tanks2d2/src/Config.cpp:17]
info|Oct 27 2012 21:28:48| Initalise Entity factory [/home/mutant/projects/tanks2d2/main.cpp:87]
info|Oct 27 2012 21:28:48| Playground initialisation [/home/mutant/projects/tanks2d2/src/Playground.cpp:27]
info|Oct 27 2012 21:28:48| Stop logging [/home/mutant/projects/tanks2d2/src/Log.cpp:33]
info|Oct 27 2012 21:28:48| ------------ [/home/mutant/projects/tanks2d2/src/Log.cpp:34]
info|Oct 27 2012 21:28:48| Start logging [/home/mutant/projects/tanks2d2/main.cpp:76]
info|Oct 27 2012 21:28:48| View thread started [/home/mutant/projects/tanks2d2/main.cpp:79]
info|Oct 27 2012 21:28:48| GLUT initialisied [/home/mutant/projects/tanks2d2/main.cpp:30]
info|Oct 27 2012 21:28:48| View initialisation [/home/mutant/projects/tanks2d2/src/View.cpp:19]
info|Oct 27 2012 21:28:48| Going to start glutMainLoop [/home/mutant/projects/tanks2d2/main.cpp:33]
info|Oct 27 2012 21:28:48| Playground thread started [/home/mutant/projects/tanks2d2/main.cpp:83]
error|Oct 27 2012 21:28:48| Can not open configuration file [/home/mutant/projects/tanks2d2/src/Config.cpp:17]
error|Oct 27 2012 21:28:48| Can not open configuration file [/home/mutant/projects/tanks2d2/src/Config.cpp:17]
info|Oct 27 2012 21:28:48| Initalise Entity factory [/home/mutant/projects/tanks2d2/main.cpp:87]
info|Oct 27 2012 21:28:48| Playground initialisation [/home/mutant/projects/tanks2d2/src/Playground.cpp:27]
info|Oct 27 2012 21:28:48| Stop logging [/home/mutant/projects/tanks2d2/src/Log.cpp:33]
info|Oct 27 2012 21:28:48| ------------ [/home/mutant/projects/tanks2d2/src/Log.cpp:34]
info|Oct 27 2012 21:28:48| Start logging [/home/mutant/projects/tanks2d2/main.cpp:76]
info|Oct 27 2012 21:28:48| View thread started [/home/mutant/projects/tanks2d2/main.cpp:79]
info|Oct 27 2012 21:28:48| GLUT initialisied [/home/mutant/projects/tanks2d2/main.cpp:30]
info|Oct 27 2012 21:28:48| View initialisation [/home/mutant/projects/tanks2d2/src/View.cpp:19]
info|Oct 27 2012 21:28:48| Going to start glutMainLoop [/home/mutant/projects/tanks2d2/main.cpp:33]
info|Oct 27 2012 21:28:48| Playground thread started [/home/mutant/projects/tanks2d2/main.cpp:83]
error|Oct 27 2012 21:28:48| Can not open configuration file [/home/mutant/projects/tanks2d2/src/Config.cpp:17]
error|Oct 27 2012 21:28:48| Can not open configuration file [/home/mutant/projects/tanks2d2/src/Config.cpp:17]
info|Oct 27 2012 21:28:48| Initalise Entity factory [/home/mutant/projects/tanks2d2/main.cpp:87]
info|Oct 27 2012 21:28:48| Playground initialisation [/home/mutant/projects/tanks2d2/src/Playground.cpp:27]
info|Oct 27 2012 21:28:48| Stop logging [/home/mutant/projects/tanks2d2/src/Log.cpp:33]
info|Oct 27 2012 21:28:48| ------------ [/home/mutant/projects/tanks2d2/src/Log.cpp:34]
info|Oct 27 2012 21:28:48| Start logging [/home/mutant/projects/tanks2d2/main.cpp:76]
info|Oct 27 2012 21:28:48| View thread started [/home/mutant/projects/tanks2d2/main.cpp:79]
info|Oct 27 2012 21:28:48| GLUT initialisied [/home/mutant/projects/tanks2d2/main.cpp:30]
info|Oct 27 2012 21:28:48| View initialisation [/home/mutant/projects/tanks2d2/src/View.cpp:19]
info|Oct 27 2012 21:28:48| Going to start glutMainLoop [/home/mutant/projects/tanks2d2/main.cpp:33]
info|Oct 27 2012 21:28:48| Playground thread started [/home/mutant/projects/tanks2d2/main.cpp:83]
error|Oct 27 2012 21:28:48| Can not open configuration file [/home/mutant/projects/tanks2d2/src/Config.cpp:17]
error|Oct 27 2012 21:28:48| Can not open configuration file [/home/mutant/projects/tanks2d2/src/Config.cpp:17]
info|Oct 27 2012 21:28:48| Initalise Entity factory [/home/mutant/projects/tanks2d2/main.cpp:87]
info|Oct 27 2012 21:28:48| Playground initialisation [/home/mutant/projects/tanks2d2/src/Playground.cpp:27]
info|Oct 27 2012 21:28:48| Stop logging [/home/mutant/projects/tanks2d2/src/Log.cpp:33]
info|Oct 27 2012 21:28:48| ------------ [/home/mutant/projects/tanks2d2/src/Log.cpp:34]
info|Oct 27 2012 21:28:48| Start logging [/home/mutant/projects/tanks2d2/main.cpp:76]
info|Oct 27 2012 21:28:48| View thread started [/home/mutant/projects/tanks2d2/main.cpp:79]
info|Oct 27 2012 21:28:48| GLUT initialisied [/home/mutant/projects/tanks2d2/main.cpp:30]
info|Oct 27 2012 21:28:48| View initialisation [/home/mutant/projects/tanks2d2/src/View.cpp:19]
info|Oct 27 2012 21:28:48| Going to start glutMainLoop [/home/mutant/projects/tanks2d2/main.cpp:33]
info|Oct 27 2012 21:28:48| Playground thread started [/home/mutant/projects/tanks2d2/main.cpp:83]
error|Oct 27 2012 21:28:48| Can not open configuration file [/home/mutant/projects/tanks2d2/src/Config.cpp:17]
error|Oct 27 2012 21:28:48| Can not open configuration file [/home/mutant/projects/tanks2d2/src/Config.cpp:17]
info|Oct 27 2012 21:28:48| Initalise Entity factory [/home/mutant/projects/tanks2d2/main.cpp:87]
info|Oct 27 2012 21:28:48| Playground initialisation [/home/mutant/projects/tanks2d2/src/Playground.cpp:27]
info|Oct 27 2012 21:28:48| Stop logging [/home/mutant/projects/tanks2d2/src/Log.cpp:33]
info|Oct 27 2012 21:28:48| ------------ [/home/mutant/projects/tanks2d2/src/Log.cpp:34]
info|Oct 27 2012 21:28:48| Start logging [/home/mutant/projects/tanks2d2/main.cpp:76]
info|Oct 27 2012 21:28:48| View thread started [/home/mutant/projects/tanks2d2/main.cpp:79]
info|Oct 27 2012 21:28:48| GLUT initialisied [/home/mutant/projects/tanks2d2/main.cpp:30]
info|Oct 27 2012 21:28:48| View initialisation [/home/mutant/projects/tanks2d2/src/View.cpp:19]
info|Oct 27 2012 21:28:48| Going to start glutMainLoop [/home/mutant/projects/tanks2d2/main.cpp:33]
info|Oct 27 2012 21:28:48| Playground thread started [/home/mutant/projects/tanks2d2/main.cpp:83]
error|Oct 27 2012 21:28:48| Can not open configuration file [/home/mutant/projects/tanks2d2/src/Config.cpp:17]
error|Oct 27 2012 21:28:48| Can not open configuration file [/home/mutant/projects/tanks2d2/src/Config.cpp:17]
info|Oct 27 2012 21:28:48| Initalise Entity factory [/home/mutant/projects/tanks2d2/main.cpp:87]
info|Oct 27 2012 21:28:48| Playground initialisation [/home/mutant/projects/tanks2d2/src/Playground.cpp:27]
info|Oct 27 2012 21:28:48| Stop logging [/home/mutant/projects/tanks2d2/src/Log.cpp:33]
info|Oct 27 2012 21:28:48| ------------ [/home/mutant/projects/tanks2d2/src/Log.cpp:34]
info|Oct 27 2012 21:28:48| Start logging [/home/mutant/projects/tanks2d2/main.cpp:76]
info|Oct 27 2012 21:28:48| View thread started [/home/mutant/projects/tanks2d2/main.cpp:79]
info|Oct 27 2012 21:28:48| GLUT initialisied [/home/mutant/projects/tanks2d2/main.cpp:30]
info|Oct 27 2012 21:28:48| View initialisation [/home/mutant/projects/tanks2d2/src/View.cpp:19]
info|Oct 27 2012 21:28:48| Going to start glutMainLoop [/home/mutant/projects/tanks2d2/main.cpp:33]
info|Oct 27 2012 21:28:48| Playground thread started [/home/mutant/projects/tanks2d2/main.cpp:83]
error|Oct 27 2012 21:28:48| Can not open configuration file [/home/mutant/projects/tanks2d2/src/Config.cpp:17]
error|Oct 27 2012 21:28:48| Can not open configuration file [/home/mutant/projects/tanks2d2/src/Config.cpp:17]
info|Oct 27 2012 21:28:48| Initalise Entity factory [/home/mutant/projects/tanks2d2/main.cpp:87]
info|Oct 27 2012 21:28:48| Playground initialisation [/home/mutant/projects/tanks2d2/src/Playground.cpp:27]
info|Oct 27 2012 21:28:48| Stop logging [/home/mutant/projects/tanks2d2/src/Log.cpp:33]
info|Oct 27 2012 21:28:48| ------------ [/home/mutant/projects/tanks2d2/src/Log.cpp:34]
info|Oct 27 2012 21:28:48| Start logging [/home/mutant/projects/tanks2d2/main.cpp:76]
info|Oct 27 2012 21:28:48| View thread started [/home/mutant/projects/tanks2d2/main.cpp:79]
info|Oct 27 2012 21:28:48| GLUT initialisied [/home/mutant/projects/tanks2d2/main.cpp:30]
info|Oct 27 2012 21:28:48| View initialisation [/home/mutant/projects/tanks2d2/src/View.cpp:19]
info|Oct 27 2012 21:28:48| Going to start glutMainLoop [/home/mutant/projects/tanks2d2/main.cpp:33]
info|Oct 27 2012 21:28:48| Playground thread started [/home/mutant/projects/tanks2d2/main.cpp:83]
error|Oct 27 2012 21:28:48| Can not open configuration file [/home/mutant/projects/tanks2d2/src/Config.cpp:17]
error|Oct 27 2012 21:28:48| Can not open configuration file [/home/mutant/projects/tanks2d2/src/Config.cpp:17]
info|Oct 27 2012 21:28:48| Initalise Entity factory [/home/mutant/projects/tanks2d2/main.cpp:87]
info|Oct 27 2012 21:28:48| Playground initialisation [/home/mutant/projects/tanks2d2/src/Playground.cpp:27]
info|Oct 27 2012 21:28:48| Stop logging [/home/mutant/projects/tanks2d2/src/Log.cpp:33]
info|Oct 27 2012 21:28:48| ------------ [/home/mutant/projects/tanks2d2/src/Log.cpp:34]
info|Oct 27 2012 21:28:48| Start logging [/home/mutant/projects/tanks2d2/main.cpp:76]
info|Oct 27 2012 21:28:48| View thread started [/home/mutant/projects/tanks2d2/main.cpp:79]
info|Oct 27 2012 21:28:48| GLUT initialisied [/home/mutant/projects/tanks2d2/main.cpp:30]
info|Oct 27 2012 21:28:48| View initialisation [/home/mutant/projects/tanks2d2/src/View.cpp:19]
info|Oct 27 2012 21:28:48| Going to start glutMainLoop [/home/mutant/projects/tanks2d2/main.cpp:33]
info|Oct 27 2012 21:28:48| Playground thread started [/home/mutant/projects/tanks2d2/main.cpp:83]
error|Oct 27 2012 21:28:48| Can not open configuration file [/home/mutant/projects/tanks2d2/src/Config.cpp:17]
error|Oct 27 2012 21:28:48| Can not open configuration file [/home/mutant/projects/tanks2d2/src/Config.cpp:17]
info|Oct 27 2012 21:28:48| Initalise Entity factory [/home/mutant/projects/tanks2d2/main.cpp:87]
info|Oct 27 2012 21:28:48| Playground initialisation [/home/mutant/projects/tanks2d2/src/Playground.cpp:27]
info|Oct 27 2012 21:28:48| Stop logging [/home/mutant/projects/tanks2d2/src/Log.cpp:33]
info|Oct 27 2012 21:28:48| ------------ [/home/mutant/projects/tanks2d2/src/Log.cpp:34]
info|Oct 27 2012 21:28:48| Start logging [/home/mutant/projects/tanks2d2/main.cpp:76]
info|Oct 27 2012 21:28:48| View thread started [/home/mutant/projects/tanks2d2/main.cpp:79]
info|Oct 27 2012 21:28:48| GLUT initialisied [/home/mutant/projects/tanks2d2/main.cpp:30]
info|Oct 27 2012 21:28:48| View initialisation [/home/mutant/projects/tanks2d2/src/View.cpp:19]
info|Oct 27 2012 21:28:48| Going to start glutMainLoop [/home/mutant/projects/tanks2d2/main.cpp:33]
info|Oct 27 2012 21:28:48| Playground thread started [/home/mutant/projects/tanks2d2/main.cpp:83]
error|Oct 27 2012 21:28:48| Can not open configuration file [/home/mutant/projects/tanks2d2/src/Config.cpp:17]
error|Oct 27 2012 21:28:48| Can not open configuration file [/home/mutant/projects/tanks2d2/src/Config.cpp:17]
info|Oct 27 2012 21:28:48| Initalise Entity factory [/home/mutant/projects/tanks2d2/main.cpp:87]
info|Oct 27 2012 21:28:48| Playground initialisation [/home/mutant/projects/tanks2d2/src/Playground.cpp:27]
info|Oct 27 2012 21:28:48| Stop logging [/home/mutant/projects/tanks2d2/src/Log.cpp:33]
info|Oct 27 2012 21:28:48| ------------ [/home/mutant/projects/tanks2d2/src/Log.cpp:34]
info|Oct 27 2012 21:28:48| Start logging [/home/mutant/projects/tanks2d2/main.cpp:76]
info|Oct 27 2012 21:28:48| View thread started [/home/mutant/projects/tanks2d2/main.cpp:79]
info|Oct 27 2012 21:28:48| GLUT initialisied [/home/mutant/projects/tanks2d2/main.cpp:30]
info|Oct 27 2012 21:28:48| View initialisation [/home/mutant/projects/tanks2d2/src/View.cpp:19]
info|Oct 27 2012 21:28:48| Going to start glutMainLoop [/home/mutant/projects/tanks2d2/main.cpp:33]
info|Oct 27 2012 21:28:48| Playground thread started [/home/mutant/projects/tanks2d2/main.cpp:83]
error|Oct 27 2012 21:28:48| Can not open configuration file [/home/mutant/projects/tanks2d2/src/Config.cpp:17]
error|Oct 27 2012 21:28:48| Can not open configuration file [/home/mutant/projects/tanks2d2/src/Config.cpp:17]
info|Oct 27 2012 21:28:48| Initalise Entity factory [/home/mutant/projects/tanks2d2/main.cpp:87]
info|Oct 27 2012 21:28:48| Playground initialisation [/home/mutant/projects/tanks2d2/src/Playground.cpp:27]
info|Oct 27 2012 21:28:48| Stop logging [/home/mutant/projects/tanks2d2/src/Log.cpp:33]
info|Oct 27 2012 21:28:48| ------------ [/home/mutant/projects/tanks2d2/src/Log.cpp:34]
info|Oct 27 2012 21:28:48| Start logging [/home/mutant/projects/tanks2d2/main.cpp:76]
info|Oct 27 2012 21:28:48| View thread started [/home/mutant/projects/tanks2d2/main.cpp:79]
info|Oct 27 2012 21:28:48| GLUT initialisied [/home/mutant/projects/tanks2d2/main.cpp:30]
info|Oct 27 2012 21:28:48| View initialisation [/home/mutant/projects/tanks2d2/src/View.cpp:19]
info|Oct 27 2012 21:28:48| Going to start glutMainLoop [/home/mutant/projects/tanks2d2/main.cpp:33]
info|Oct 27 2012 21:28:48| Playground thread started [/home/mutant/projects/tanks2d2/main.cpp:83]
error|Oct 27 2012 21:28:48| Can not open configuration file [/home/mutant/projects/tanks2d2/src/Config.cpp:17]
error|Oct 27 2012 21:28:48| Can not open configuration file [/home/mutant/projects/tanks2d2/src/Config.cpp:17]
info|Oct 27 2012 21:28:48| Initalise Entity factory [/home/mutant/projects/tanks2d2/main.cpp:87]
info|Oct 27 2012 21:28:48| Playground initialisation [/home/mutant/projects/tanks2d2/src/Playground.cpp:27]
info|Oct 27 2012 21:28:48| Stop logging [/home/mutant/projects/tanks2d2/src/Log.cpp:33]
info|Oct 27 2012 21:28:48| ------------ [/home/mutant/projects/tanks2d2/src/Log.cpp:34]
info|Oct 27 2012 21:28:48| Start logging [/home/mutant/projects/tanks2d2/main.cpp:76]
info|Oct 27 2012 21:28:48| View thread started [/home/mutant/projects/tanks2d2/main.cpp:79]
info|Oct 27 2012 21:28:48| GLUT initialisied [/home/mutant/projects/tanks2d2/main.cpp:30]
info|Oct 27 2012 21:28:48| View initialisation [/home/mutant/projects/tanks2d2/src/View.cpp:19]
info|Oct 27 2012 21:28:48| Going to start glutMainLoop [/home/mutant/projects/tanks2d2/main.cpp:33]
info|Oct 27 2012 21:28:48| Playground thread started [/home/mutant/projects/tanks2d2/main.cpp:83]
error|Oct 27 2012 21:28:48| Can not open configuration file [/home/mutant/projects/tanks2d2/src/Config.cpp:17]
error|Oct 27 2012 21:28:48| Can not open configuration file [/home/mutant/projects/tanks2d2/src/Config.cpp:17]
info|Oct 27 2012 21:28:48| Initalise Entity factory [/home/mutant/projects/tanks2d2/main.cpp:87]
info|Oct 27 2012 21:28:48| Playground initialisation [/home/mutant/projects/tanks2d2/src/Playground.cpp:27]
info|Oct 27 2012 21:28:48| Stop logging [/home/mutant/projects/tanks2d2/src/Log.cpp:33]
info|Oct 27 2012 21:28:48| ------------ [/home/mutant/projects/tanks2d2/src/Log.cpp:34]
info|Oct 27 2012 21:28:48| Start logging [/home/mutant/projects/tanks2d2/main.cpp:76]
info|Oct 27 2012 21:28:48| View thread started [/home/mutant/projects/tanks2d2/main.cpp:79]
info|Oct 27 2012 21:28:48| GLUT initialisied [/home/mutant/projects/tanks2d2/main.cpp:30]
info|Oct 27 2012 21:28:48| View initialisation [/home/mutant/projects/tanks2d2/src/View.cpp:19]
info|Oct 27 2012 21:28:48| Going to start glutMainLoop [/home/mutant/projects/tanks2d2/main.cpp:33]
info|Oct 27 2012 21:28:48| Playground thread started [/home/mutant/projects/tanks2d2/main.cpp:83]
error|Oct 27 2012 21:28:48| Can not open configuration file [/home/mutant/projects/tanks2d2/src/Config.cpp:17]
error|Oct 27 2012 21:28:48| Can not open configuration file [/home/mutant/projects/tanks2d2/src/Config.cpp:17]
info|Oct 27 2012 21:28:48| Initalise Entity factory [/home/mutant/projects/tanks2d2/main.cpp:87]
info|Oct 27 2012 21:28:48| Playground initialisation [/home/mutant/projects/tanks2d2/src/Playground.cpp:27]
info|Oct 27 2012 21:28:48| Stop logging [/home/mutant/projects/tanks2d2/src/Log.cpp:33]
info|Oct 27 2012 21:28:48| ------------ [/home/mutant/projects/tanks2d2/src/Log.cpp:34]
info|Oct 27 2012 21:28:48| Start logging [/home/mutant/projects/tanks2d2/main.cpp:76]
info|Oct 27 2012 21:28:48| View thread started [/home/mutant/projects/tanks2d2/main.cpp:79]
info|Oct 27 2012 21:28:48| GLUT initialisied [/home/mutant/projects/tanks2d2/main.cpp:30]
info|Oct 27 2012 21:28:48| View initialisation [/home/mutant/projects/tanks2d2/src/View.cpp:19]
info|Oct 27 2012 21:28:48| Going to start glutMainLoop [/home/mutant/projects/tanks2d2/main.cpp:33]
info|Oct 27 2012 21:28:48| Playground thread started [/home/mutant/projects/tanks2d2/main.cpp:83]
error|Oct 27 2012 21:28:48| Can not open configuration file [/home/mutant/projects/tanks2d2/src/Config.cpp:17]
error|Oct 27 2012 21:28:48| Can not open configuration file [/home/mutant/projects/tanks2d2/src/Config.cpp:17]
info|Oct 27 2012 21:28:48| Initalise Entity factory [/home/mutant/projects/tanks2d2/main.cpp:87]
info|Oct 27 2012 21:28:48| Playground initialisation [/home/mutant/projects/tanks2d2/src/Playground.cpp:27]
info|Oct 27 2012 21:28:48| Stop logging [/home/mutant/projects/tanks2d2/src/Log.cpp:33]
info|Oct 27 2012 21:28:48| ------------ [/home/mutant/projects/tanks2d2/src/Log.cpp:34]
info|Oct 27 2012 21:28:48| Start logging [/home/mutant/projects/tanks2d2/main.cpp:76]
info|Oct 27 2012 21:28:48| View thread started [/home/mutant/projects/tanks2d2/main.cpp:79]
info|Oct 27 2012 21:28:48| GLUT initialisied [/home/mutant/projects/tanks2d2/main.cpp:30]
info|Oct 27 2012 21:28:48| View initialisation [/home/mutant/projects/tanks2d2/src/View.cpp:19]
info|Oct 27 2012 21:28:48| Going to start glutMainLoop [/home/mutant/projects/tanks2d2/main.cpp:33]
info|Oct 27 2012 21:28:48| Playground thread started [/home/mutant/projects/tanks2d2/main.cpp:83]
error|Oct 27 2012 21:28:48| Can not open configuration file [/home/mutant/projects/tanks2d2/src/Config.cpp:17]
error|Oct 27 2012 21:28:48| Can not open configuration file [/home/mutant/projects/tanks2d2/src/Config.cpp:17]
info|Oct 27 2012 21:28:48| Initalise Entity factory [/home/mutant/projects/tanks2d2/main.cpp:87]
info|Oct 27 2012 21:28:48| Playground initialisation [/home/mutant/projects/tanks2d2/src/Playground.cpp:27]
info|Oct 27 2012 21:28:48| Stop logging [/home/mutant/projects/tanks2d2/src/Log.cpp:33]
info|Oct 27 2012 21:28:48| ------------ [/home/mutant/projects/tanks2d2/src/Log.cpp:34]
info|Oct 27 2012 21:28:48| Start logging [/home/mutant/projects/tanks2d2/main.cpp:76]
info|Oct 27 2012 21:28:48| View thread started [/home/mutant/projects/tanks2d2/main.cpp:79]
info|Oct 27 2012 21:28:48| GLUT initialisied [/home/mutant/projects/tanks2d2/main.cpp:30]
info|Oct 27 2012 21:28:48| View initialisation [/home/mutant/projects/tanks2d2/src/View.cpp:19]
info|Oct 27 2012 21:28:48| Going to start glutMainLoop [/home/mutant/projects/tanks2d2/main.cpp:33]
info|Oct 27 2012 21:28:48| Playground thread started [/home/mutant/projects/tanks2d2/main.cpp:83]
error|Oct 27 2012 21:28:48| Can not open configuration file [/home/mutant/projects/tanks2d2/src/Config.cpp:17]
error|Oct 27 2012 21:28:48| Can not open configuration file [/home/mutant/projects/tanks2d2/src/Config.cpp:17]
info|Oct 27 2012 21:28:48| Initalise Entity factory [/home/mutant/projects/tanks2d2/main.cpp:87]
info|Oct 27 2012 21:28:48| Playground initialisation [/home/mutant/projects/tanks2d2/src/Playground.cpp:27]
info|Oct 27 2012 21:28:48| Stop logging [/home/mutant/projects/tanks2d2/src/Log.cpp:33]
info|Oct 27 2012 21:28:48| ------------ [/home/mutant/projects/tanks2d2/src/Log.cpp:34]
info|Oct 27 2012 21:28:48| Start logging [/home/mutant/projects/tanks2d2/main.cpp:76]
info|Oct 27 2012 21:28:48| View thread started [/home/mutant/projects/tanks2d2/main.cpp:79]
info|Oct 27 2012 21:28:48| GLUT initialisied [/home/mutant/projects/tanks2d2/main.cpp:30]
info|Oct 27 2012 21:28:48| View initialisation [/home/mutant/projects/tanks2d2/src/View.cpp:19]
info|Oct 27 2012 21:28:48| Going to start glutMainLoop [/home/mutant/projects/tanks2d2/main.cpp:33]
info|Oct 27 2012 21:28:48| Playground thread started [/home/mutant/projects/tanks2d2/main.cpp:83]
error|Oct 27 2012 21:28:48| Can not open configuration file [/home/mutant/projects/tanks2d2/src/Config.cpp:17]
error|Oct 27 2012 21:28:48| Can not open configuration file [/home/mutant/projects/tanks2d2/src/Config.cpp:17]
info|Oct 27 2012 21:28:48| Initalise Entity factory [/home/mutant/projects/tanks2d2/main.cpp:87]
info|Oct 27 2012 21:28:48| Playground initialisation [/home/mutant/projects/tanks2d2/src/Playground.cpp:27]
info|Oct 27 2012 21:28:48| Stop logging [/home/mutant/projects/tanks2d2/src/Log.cpp:33]
info|Oct 27 2012 21:28:48| ------------ [/home/mutant/projects/tanks2d2/src/Log.cpp:34]
info|Oct 27 2012 21:28:48| Start logging [/home/mutant/projects/tanks2d2/main.cpp:76]
info|Oct 27 2012 21:28:48| View thread started [/home/mutant/projects/tanks2d2/main.cpp:79]
info|Oct 27 2012 21:28:48| GLUT initialisied [/home/mutant/projects/tanks2d2/main.cpp:30]
info|Oct 27 2012 21:28:48| View initialisation [/home/mutant/projects/tanks2d2/src/View.cpp:19]
info|Oct 27 2012 21:28:48| Going to start glutMainLoop [/home/mutant/projects/tanks2d2/main.cpp:33]
info|Oct 27 2012 21:28:48| Playground thread started [/home/mutant/projects/tanks2d2/main.cpp:83]
error|Oct 27 2012 21:28:48| Can not open configuration file [/home/mutant/projects/tanks2d2/src/Config.cpp:17]
error|Oct 27 2012 21:28:48| Can not open configuration file [/home/mutant/projects/tanks2d2/src/Config.cpp:17]
info|Oct 27 2012 21:28:48| Initalise Entity factory [/home/mutant/projects/tanks2d2/main.cpp:87]
info|Oct 27 2012 21:28:48| Playground initialisation [/home/mutant/projects/tanks2d2/src/Playground.cpp:27]
info|Oct 27 2012 21:28:48| Start logging [/home/mutant/projects/tanks2d2/main.cpp:76]
info|Oct 27 2012 21:28:48| View thread started [/home/mutant/projects/tanks2d2/main.cpp:79]
info|Oct 27 2012 21:28:48| GLUT initialisied [/home/mutant/projects/tanks2d2/main.cpp:30]
info|Oct 27 2012 21:28:48| View initialisation [/home/mutant/projects/tanks2d2/src/View.cpp:19]
info|Oct 27 2012 21:28:48| Going to start glutMainLoop [/home/mutant/projects/tanks2d2/main.cpp:33]
info|Oct 27 2012 21:28:48| Playground thread started [/home/mutant/projects/tanks2d2/main.cpp:83]
error|Oct 27 2012 21:28:48| Can not open configuration file [/home/mutant/projects/tanks2d2/src/Config.cpp:17]
error|Oct 27 2012 21:28:48| Can not open configuration file [/home/mutant/projects/tanks2d2/src/Config.cpp:17]
info|Oct 27 2012 21:28:48| Initalise Entity factory [/home/mutant/projects/tanks2d2/main.cpp:87]
info|Oct 27 2012 21:28:48| Playground initialisation [/home/mutant/projects/tanks2d2/src/Playground.cpp:27]
info|Oct 27 2012 21:28:48| Start logging [/home/mutant/projects/tanks2d2/main.cpp:76]
info|Oct 27 2012 21:28:48| View thread started [/home/mutant/projects/tanks2d2/main.cpp:79]
info|Oct 27 2012 21:28:48| GLUT initialisied [/home/mutant/projects/tanks2d2/main.cpp:30]
info|Oct 27 2012 21:28:48| View initialisation [/home/mutant/projects/tanks2d2/src/View.cpp:19]
info|Oct 27 2012 21:28:48| Going to start glutMainLoop [/home/mutant/projects/tanks2d2/main.cpp:33]
info|Oct 27 2012 21:28:48| Playground thread started [/home/mutant/projects/tanks2d2/main.cpp:83]
error|Oct 27 2012 21:28:48| Can not open configuration file [/home/mutant/projects/tanks2d2/src/Config.cpp:17]
info|Oct 27 2012 21:28:48| Playground initialisation [/home/mutant/projects/tanks2d2/src/Playground.cpp:27]
error|Oct 27 2012 21:28:48| Can not open configuration file [/home/mutant/projects/tanks2d2/src/Config.cpp:17]
info|Oct 27 2012 21:28:48| Initalise Entity factory [/home/mutant/projects/tanks2d2/main.cpp:87]
info|Oct 27 2012 21:28:48| Stop logging [/home/mutant/projects/tanks2d2/src/Log.cpp:33]
info|Oct 27 2012 21:28:48| ------------ [/home/mutant/projects/tanks2d2/src/Log.cpp:34]
info|Oct 27 2012 21:28:48| Start logging [/home/mutant/projects/tanks2d2/main.cpp:76]
info|Oct 27 2012 21:28:48| View thread started [/home/mutant/projects/tanks2d2/main.cpp:79]
info|Oct 27 2012 21:28:48| GLUT initialisied [/home/mutant/projects/tanks2d2/main.cpp:30]
info|Oct 27 2012 21:28:48| View initialisation [/home/mutant/projects/tanks2d2/src/View.cpp:19]
info|Oct 27 2012 21:28:48| Going to start glutMainLoop [/home/mutant/projects/tanks2d2/main.cpp:33]
info|Oct 27 2012 21:28:48| Playground thread started [/home/mutant/projects/tanks2d2/main.cpp:83]
error|Oct 27 2012 21:28:48| Can not open configuration file [/home/mutant/projects/tanks2d2/src/Config.cpp:17]
error|Oct 27 2012 21:28:48| Can not open configuration file [/home/mutant/projects/tanks2d2/src/Config.cpp:17]
info|Oct 27 2012 21:28:48| Initalise Entity factory [/home/mutant/projects/tanks2d2/main.cpp:87]
info|Oct 27 2012 21:28:48| Playground initialisation [/home/mutant/projects/tanks2d2/src/Playground.cpp:27]
info|Oct 27 2012 21:28:48| Start logging [/home/mutant/projects/tanks2d2/main.cpp:76]
info|Oct 27 2012 21:28:48| View thread started [/home/mutant/projects/tanks2d2/main.cpp:79]
info|Oct 27 2012 21:28:48| GLUT initialisied [/home/mutant/projects/tanks2d2/main.cpp:30]
info|Oct 27 2012 21:28:48| View initialisation [/home/mutant/projects/tanks2d2/src/View.cpp:19]
info|Oct 27 2012 21:28:48| Going to start glutMainLoop [/home/mutant/projects/tanks2d2/main.cpp:33]
info|Oct 27 2012 21:28:48| Playground thread started [/home/mutant/projects/tanks2d2/main.cpp:83]
error|Oct 27 2012 21:28:48| Can not open configuration file [/home/mutant/projects/tanks2d2/src/Config.cpp:17]
error|Oct 27 2012 21:28:48| Can not open configuration file [/home/mutant/projects/tanks2d2/src/Config.cpp:17]
info|Oct 27 2012 21:28:48| Initalise Entity factory [/home/mutant/projects/tanks2d2/main.cpp:87]
info|Oct 27 2012 21:28:48| Playground initialisation [/home/mutant/projects/tanks2d2/src/Playground.cpp:27]
info|Oct 27 2012 21:28:48| Stop logging [/home/mutant/projects/tanks2d2/src/Log.cpp:33]
info|Oct 27 2012 21:28:48| ------------ [/home/mutant/projects/tanks2d2/src/Log.cpp:34]
info|Oct 27 2012 21:28:48| Start logging [/home/mutant/projects/tanks2d2/main.cpp:76]
info|Oct 27 2012 21:28:48| View thread started [/home/mutant/projects/tanks2d2/main.cpp:79]
info|Oct 27 2012 21:28:48| GLUT initialisied [/home/mutant/projects/tanks2d2/main.cpp:30]
info|Oct 27 2012 21:28:48| View initialisation [/home/mutant/projects/tanks2d2/src/View.cpp:19]
info|Oct 27 2012 21:28:48| Going to start glutMainLoop [/home/mutant/projects/tanks2d2/main.cpp:33]
info|Oct 27 2012 21:28:48| Playground thread started [/home/mutant/projects/tanks2d2/main.cpp:83]
error|Oct 27 2012 21:28:48| Can not open configuration file [/home/mutant/projects/tanks2d2/src/Config.cpp:17]
error|Oct 27 2012 21:28:48| Can not open configuration file [/home/mutant/projects/tanks2d2/src/Config.cpp:17]
info|Oct 27 2012 21:28:48| Initalise Entity factory [/home/mutant/projects/tanks2d2/main.cpp:87]
info|Oct 27 2012 21:28:48| Playground initialisation [/home/mutant/projects/tanks2d2/src/Playground.cpp:27]
info|Oct 27 2012 21:28:48| Start logging [/home/mutant/projects/tanks2d2/main.cpp:76]
info|Oct 27 2012 21:28:48| View thread started [/home/mutant/projects/tanks2d2/main.cpp:79]
info|Oct 27 2012 21:28:48| GLUT initialisied [/home/mutant/projects/tanks2d2/main.cpp:30]
info|Oct 27 2012 21:28:48| View initialisation [/home/mutant/projects/tanks2d2/src/View.cpp:19]
info|Oct 27 2012 21:28:48| Going to start glutMainLoop [/home/mutant/projects/tanks2d2/main.cpp:33]
info|Oct 27 2012 21:28:48| Playground thread started [/home/mutant/projects/tanks2d2/main.cpp:83]
error|Oct 27 2012 21:28:48| Can not open configuration file [/home/mutant/projects/tanks2d2/src/Config.cpp:17]
error|Oct 27 2012 21:28:48| Can not open configuration file [/home/mutant/projects/tanks2d2/src/Config.cpp:17]
info|Oct 27 2012 21:28:48| Initalise Entity factory [/home/mutant/projects/tanks2d2/main.cpp:87]
info|Oct 27 2012 21:28:48| Playground initialisation [/home/mutant/projects/tanks2d2/src/Playground.cpp:27]
info|Oct 27 2012 21:28:48| Stop logging [/home/mutant/projects/tanks2d2/src/Log.cpp:33]
info|Oct 27 2012 21:28:48| ------------ [/home/mutant/projects/tanks2d2/src/Log.cpp:34]
info|Oct 27 2012 21:28:48| Start logging [/home/mutant/projects/tanks2d2/main.cpp:76]
info|Oct 27 2012 21:28:48| View thread started [/home/mutant/projects/tanks2d2/main.cpp:79]
info|Oct 27 2012 21:28:48| GLUT initialisied [/home/mutant/projects/tanks2d2/main.cpp:30]
info|Oct 27 2012 21:28:48| View initialisation [/home/mutant/projects/tanks2d2/src/View.cpp:19]
info|Oct 27 2012 21:28:48| Going to start glutMainLoop [/home/mutant/projects/tanks2d2/main.cpp:33]
info|Oct 27 2012 21:28:48| Playground thread started [/home/mutant/projects/tanks2d2/main.cpp:83]
error|Oct 27 2012 21:28:48| Can not open configuration file [/home/mutant/projects/tanks2d2/src/Config.cpp:17]
error|Oct 27 2012 21:28:48| Can not open configuration file [/home/mutant/projects/tanks2d2/src/Config.cpp:17]
info|Oct 27 2012 21:28:48| Initalise Entity factory [/home/mutant/projects/tanks2d2/main.cpp:87]
info|Oct 27 2012 21:28:48| Playground initialisation [/home/mutant/projects/tanks2d2/src/Playground.cpp:27]
info|Oct 27 2012 21:28:48| Start logging [/home/mutant/projects/tanks2d2/main.cpp:76]
info|Oct 27 2012 21:28:48| View thread started [/home/mutant/projects/tanks2d2/main.cpp:79]
info|Oct 27 2012 21:28:48| GLUT initialisied [/home/mutant/projects/tanks2d2/main.cpp:30]
info|Oct 27 2012 21:28:48| View initialisation [/home/mutant/projects/tanks2d2/src/View.cpp:19]
info|Oct 27 2012 21:28:48| Going to start glutMainLoop [/home/mutant/projects/tanks2d2/main.cpp:33]
info|Oct 27 2012 21:28:48| Playground thread started [/home/mutant/projects/tanks2d2/main.cpp:83]
error|Oct 27 2012 21:28:48| Can not open configuration file [/home/mutant/projects/tanks2d2/src/Config.cpp:17]
error|Oct 27 2012 21:28:48| Can not open configuration file [/home/mutant/projects/tanks2d2/src/Config.cpp:17]
info|Oct 27 2012 21:28:48| Initalise Entity factory [/home/mutant/projects/tanks2d2/main.cpp:87]
info|Oct 27 2012 21:28:48| Playground initialisation [/home/mutant/projects/tanks2d2/src/Playground.cpp:27]
info|Oct 27 2012 21:28:48| Start logging [/home/mutant/projects/tanks2d2/main.cpp:76]
info|Oct 27 2012 21:28:48| View thread started [/home/mutant/projects/tanks2d2/main.cpp:79]
info|Oct 27 2012 21:28:48| GLUT initialisied [/home/mutant/projects/tanks2d2/main.cpp:30]
info|Oct 27 2012 21:28:48| View initialisation [/home/mutant/projects/tanks2d2/src/View.cpp:19]
info|Oct 27 2012 21:28:48| Going to start glutMainLoop [/home/mutant/projects/tanks2d2/main.cpp:33]
info|Oct 27 2012 21:28:48| Playground thread started [/home/mutant/projects/tanks2d2/main.cpp:83]
error|Oct 27 2012 21:28:48| Can not open configuration file [/home/mutant/projects/tanks2d2/src/Config.cpp:17]
error|Oct 27 2012 21:28:48| Can not open configuration file [/home/mutant/projects/tanks2d2/src/Config.cpp:17]
info|Oct 27 2012 21:28:48| Initalise Entity factory [/home/mutant/projects/tanks2d2/main.cpp:87]
info|Oct 27 2012 21:28:48| Playground initialisation [/home/mutant/projects/tanks2d2/src/Playground.cpp:27]
info|Oct 27 2012 21:28:48| Stop logging [/home/mutant/projects/tanks2d2/src/Log.cpp:33]
info|Oct 27 2012 21:28:48| ------------ [/home/mutant/projects/tanks2d2/src/Log.cpp:34]
info|Oct 27 2012 21:28:48| Start logging [/home/mutant/projects/tanks2d2/main.cpp:76]
info|Oct 27 2012 21:28:48| View thread started [/home/mutant/projects/tanks2d2/main.cpp:79]
info|Oct 27 2012 21:28:48| GLUT initialisied [/home/mutant/projects/tanks2d2/main.cpp:30]
info|Oct 27 2012 21:28:48| View initialisation [/home/mutant/projects/tanks2d2/src/View.cpp:19]
info|Oct 27 2012 21:28:48| Going to start glutMainLoop [/home/mutant/projects/tanks2d2/main.cpp:33]
info|Oct 27 2012 21:28:48| Playground thread started [/home/mutant/projects/tanks2d2/main.cpp:83]
error|Oct 27 2012 21:28:48| Can not open configuration file [/home/mutant/projects/tanks2d2/src/Config.cpp:17]
error|Oct 27 2012 21:28:48| Can not open configuration file [/home/mutant/projects/tanks2d2/src/Config.cpp:17]
info|Oct 27 2012 21:28:48| Initalise Entity factory [/home/mutant/projects/tanks2d2/main.cpp:87]
info|Oct 27 2012 21:28:48| Playground initialisation [/home/mutant/projects/tanks2d2/src/Playground.cpp:27]
info|Oct 27 2012 21:28:48| Stop logging [/home/mutant/projects/tanks2d2/src/Log.cpp:33]
info|Oct 27 2012 21:28:48| ------------ [/home/mutant/projects/tanks2d2/src/Log.cpp:34]
info|Oct 27 2012 21:28:48| Start logging [/home/mutant/projects/tanks2d2/main.cpp:76]
info|Oct 27 2012 21:28:48| View thread started [/home/mutant/projects/tanks2d2/main.cpp:79]
info|Oct 27 2012 21:28:48| GLUT initialisied [/home/mutant/projects/tanks2d2/main.cpp:30]
info|Oct 27 2012 21:28:48| View initialisation [/home/mutant/projects/tanks2d2/src/View.cpp:19]
info|Oct 27 2012 21:28:48| Going to start glutMainLoop [/home/mutant/projects/tanks2d2/main.cpp:33]
info|Oct 27 2012 21:28:48| Playground thread started [/home/mutant/projects/tanks2d2/main.cpp:83]
error|Oct 27 2012 21:28:48| Can not open configuration file [/home/mutant/projects/tanks2d2/src/Config.cpp:17]
error|Oct 27 2012 21:28:48| Can not open configuration file [/home/mutant/projects/tanks2d2/src/Config.cpp:17]
info|Oct 27 2012 21:28:48| Initalise Entity factory [/home/mutant/projects/tanks2d2/main.cpp:87]
info|Oct 27 2012 21:28:48| Playground initialisation [/home/mutant/projects/tanks2d2/src/Playground.cpp:27]
info|Oct 27 2012 21:28:48| Stop logging [/home/mutant/projects/tanks2d2/src/Log.cpp:33]
info|Oct 27 2012 21:28:48| ------------ [/home/mutant/projects/tanks2d2/src/Log.cpp:34]
info|Oct 27 2012 21:28:48| Start logging [/home/mutant/projects/tanks2d2/main.cpp:76]
info|Oct 27 2012 21:28:48| View thread started [/home/mutant/projects/tanks2d2/main.cpp:79]
info|Oct 27 2012 21:28:48| GLUT initialisied [/home/mutant/projects/tanks2d2/main.cpp:30]
info|Oct 27 2012 21:28:48| View initialisation [/home/mutant/projects/tanks2d2/src/View.cpp:19]
info|Oct 27 2012 21:28:48| Going to start glutMainLoop [/home/mutant/projects/tanks2d2/main.cpp:33]
info|Oct 27 2012 21:28:48| Playground thread started [/home/mutant/projects/tanks2d2/main.cpp:83]
error|Oct 27 2012 21:28:48| Can not open configuration file [/home/mutant/projects/tanks2d2/src/Config.cpp:17]
error|Oct 27 2012 21:28:48| Can not open configuration file [/home/mutant/projects/tanks2d2/src/Config.cpp:17]
info|Oct 27 2012 21:28:48| Initalise Entity factory [/home/mutant/projects/tanks2d2/main.cpp:87]
info|Oct 27 2012 21:28:48| Playground initialisation [/home/mutant/projects/tanks2d2/src/Playground.cpp:27]
info|Oct 27 2012 21:28:48| Stop logging [/home/mutant/projects/tanks2d2/src/Log.cpp:33]
info|Oct 27 2012 21:28:48| ------------ [/home/mutant/projects/tanks2d2/src/Log.cpp:34]
info|Oct 27 2012 21:28:48| Start logging [/home/mutant/projects/tanks2d2/main.cpp:76]
info|Oct 27 2012 21:28:48| View thread started [/home/mutant/projects/tanks2d2/main.cpp:79]
info|Oct 27 2012 21:28:48| GLUT initialisied [/home/mutant/projects/tanks2d2/main.cpp:30]
info|Oct 27 2012 21:28:48| View initialisation [/home/mutant/projects/tanks2d2/src/View.cpp:19]
info|Oct 27 2012 21:28:48| Going to start glutMainLoop [/home/mutant/projects/tanks2d2/main.cpp:33]
info|Oct 27 2012 21:28:48| Playground thread started [/home/mutant/projects/tanks2d2/main.cpp:83]
error|Oct 27 2012 21:28:48| Can not open configuration file [/home/mutant/projects/tanks2d2/src/Config.cpp:17]
error|Oct 27 2012 21:28:48| Can not open configuration file [/home/mutant/projects/tanks2d2/src/Config.cpp:17]
info|Oct 27 2012 21:28:48| Initalise Entity factory [/home/mutant/projects/tanks2d2/main.cpp:87]
info|Oct 27 2012 21:28:48| Playground initialisation [/home/mutant/projects/tanks2d2/src/Playground.cpp:27]
info|Oct 27 2012 21:28:48| Start logging [/home/mutant/projects/tanks2d2/main.cpp:76]
info|Oct 27 2012 21:28:48| View thread started [/home/mutant/projects/tanks2d2/main.cpp:79]
info|Oct 27 2012 21:28:48| GLUT initialisied [/home/mutant/projects/tanks2d2/main.cpp:30]
info|Oct 27 2012 21:28:48| View initialisation [/home/mutant/projects/tanks2d2/src/View.cpp:19]
info|Oct 27 2012 21:28:48| Going to start glutMainLoop [/home/mutant/projects/tanks2d2/main.cpp:33]
info|Oct 27 2012 21:28:48| Playground thread started [/home/mutant/projects/tanks2d2/main.cpp:83]
error|Oct 27 2012 21:28:48| Can not open configuration file [/home/mutant/projects/tanks2d2/src/Config.cpp:17]
error|Oct 27 2012 21:28:48| Can not open configuration file [/home/mutant/projects/tanks2d2/src/Config.cpp:17]
info|Oct 27 2012 21:28:48| Initalise Entity factory [/home/mutant/projects/tanks2d2/main.cpp:87]
info|Oct 27 2012 21:28:48| Playground initialisation [/home/mutant/projects/tanks2d2/src/Playground.cpp:27]
info|Oct 27 2012 21:28:48| Start logging [/home/mutant/projects/tanks2d2/main.cpp:76]
info|Oct 27 2012 21:28:48| View thread started [/home/mutant/projects/tanks2d2/main.cpp:79]
info|Oct 27 2012 21:28:48| GLUT initialisied [/home/mutant/projects/tanks2d2/main.cpp:30]
info|Oct 27 2012 21:28:48| View initialisation [/home/mutant/projects/tanks2d2/src/View.cpp:19]
info|Oct 27 2012 21:28:48| Going to start glutMainLoop [/home/mutant/projects/tanks2d2/main.cpp:33]
info|Oct 27 2012 21:28:48| Playground thread started [/home/mutant/projects/tanks2d2/main.cpp:83]
error|Oct 27 2012 21:28:48| Can not open configuration file [/home/mutant/projects/tanks2d2/src/Config.cpp:17]
error|Oct 27 2012 21:28:48| Can not open configuration file [/home/mutant/projects/tanks2d2/src/Config.cpp:17]
info|Oct 27 2012 21:28:48| Initalise Entity factory [/home/mutant/projects/tanks2d2/main.cpp:87]
info|Oct 27 2012 21:28:48| Playground initialisation [/home/mutant/projects/tanks2d2/src/Playground.cpp:27]
info|Oct 27 2012 21:28:48| Start logging [/home/mutant/projects/tanks2d2/main.cpp:76]
info|Oct 27 2012 21:28:48| View thread started [/home/mutant/projects/tanks2d2/main.cpp:79]
info|Oct 27 2012 21:28:48| GLUT initialisied [/home/mutant/projects/tanks2d2/main.cpp:30]
info|Oct 27 2012 21:28:48| View initialisation [/home/mutant/projects/tanks2d2/src/View.cpp:19]
info|Oct 27 2012 21:28:48| Going to start glutMainLoop [/home/mutant/projects/tanks2d2/main.cpp:33]
info|Oct 27 2012 21:28:48| Playground thread started [/home/mutant/projects/tanks2d2/main.cpp:83]
error|Oct 27 2012 21:28:48| Can not open configuration file [/home/mutant/projects/tanks2d2/src/Config.cpp:17]
error|Oct 27 2012 21:28:48| Can not open configuration file [/home/mutant/projects/tanks2d2/src/Config.cpp:17]
info|Oct 27 2012 21:28:48| Initalise Entity factory [/home/mutant/projects/tanks2d2/main.cpp:87]
info|Oct 27 2012 21:28:48| Playground initialisation [/home/mutant/projects/tanks2d2/src/Playground.cpp:27]
info|Oct 27 2012 21:28:48| Stop logging [/home/mutant/projects/tanks2d2/src/Log.cpp:33]
info|Oct 27 2012 21:28:48| ------------ [/home/mutant/projects/tanks2d2/src/Log.cpp:34]
